Archive member included because of file (symbol)

c:/infineon/tools/dave ide/4.5.0.202105191637/eclipse/arm-gcc-49/bin/../lib/gcc/arm-none-eabi/4.9.3/../../../../arm-none-eabi/lib/armv7e-m/softfp\libg_nano.a(lib_a-errno.o)
                              ./Libraries/Newlib/syscalls.o (__errno)
c:/infineon/tools/dave ide/4.5.0.202105191637/eclipse/arm-gcc-49/bin/../lib/gcc/arm-none-eabi/4.9.3/../../../../arm-none-eabi/lib/armv7e-m/softfp\libg_nano.a(lib_a-impure.o)
                              c:/infineon/tools/dave ide/4.5.0.202105191637/eclipse/arm-gcc-49/bin/../lib/gcc/arm-none-eabi/4.9.3/../../../../arm-none-eabi/lib/armv7e-m/softfp\libg_nano.a(lib_a-errno.o) (_impure_ptr)
c:/infineon/tools/dave ide/4.5.0.202105191637/eclipse/arm-gcc-49/bin/../lib/gcc/arm-none-eabi/4.9.3/../../../../arm-none-eabi/lib/armv7e-m/softfp\libg_nano.a(lib_a-init.o)
                              ./Startup/startup_XMC4800.o (__libc_init_array)
c:/infineon/tools/dave ide/4.5.0.202105191637/eclipse/arm-gcc-49/bin/../lib/gcc/arm-none-eabi/4.9.3/../../../../arm-none-eabi/lib/armv7e-m/softfp\libg_nano.a(lib_a-memcpy.o)
                              ./Libraries/XMCLib/src/xmc_eth_mac.o (memcpy)
c:/infineon/tools/dave ide/4.5.0.202105191637/eclipse/arm-gcc-49/bin/../lib/gcc/arm-none-eabi/4.9.3/../../../../arm-none-eabi/lib/armv7e-m/softfp\libg_nano.a(lib_a-memset.o)
                              ./Libraries/XMCLib/src/xmc_usbd.o (memset)
c:/infineon/tools/dave ide/4.5.0.202105191637/eclipse/arm-gcc-49/bin/../lib/gcc/arm-none-eabi/4.9.3/../../../../arm-none-eabi/lib/armv7e-m/softfp\libg_nano.a(lib_a-nano-vfprintf_float.o)
                              (_printf_float)
c:/infineon/tools/dave ide/4.5.0.202105191637/eclipse/arm-gcc-49/bin/../lib/gcc/arm-none-eabi/4.9.3/../../../../arm-none-eabi/lib/armv7e-m/softfp\libg_nano.a(lib_a-nano-vfprintf_i.o)
                              c:/infineon/tools/dave ide/4.5.0.202105191637/eclipse/arm-gcc-49/bin/../lib/gcc/arm-none-eabi/4.9.3/../../../../arm-none-eabi/lib/armv7e-m/softfp\libg_nano.a(lib_a-nano-vfprintf_float.o) (_printf_common)
c:/infineon/tools/dave ide/4.5.0.202105191637/eclipse/arm-gcc-49/bin/../lib/gcc/arm-none-eabi/4.9.3/../../../../arm-none-eabi/lib/armv7e-m/softfp\libg_nano.a(lib_a-puts.o)
                              ./main.o (puts)
c:/infineon/tools/dave ide/4.5.0.202105191637/eclipse/arm-gcc-49/bin/../lib/gcc/arm-none-eabi/4.9.3/../../../../arm-none-eabi/lib/armv7e-m/softfp\libg_nano.a(lib_a-s_fpclassify.o)
                              c:/infineon/tools/dave ide/4.5.0.202105191637/eclipse/arm-gcc-49/bin/../lib/gcc/arm-none-eabi/4.9.3/../../../../arm-none-eabi/lib/armv7e-m/softfp\libg_nano.a(lib_a-nano-vfprintf_float.o) (__fpclassifyd)
c:/infineon/tools/dave ide/4.5.0.202105191637/eclipse/arm-gcc-49/bin/../lib/gcc/arm-none-eabi/4.9.3/../../../../arm-none-eabi/lib/armv7e-m/softfp\libg_nano.a(lib_a-strlen.o)
                              ./Dave/Generated/USBD_VCOM/class_driver/device/cdc_class_device.o (strlen)
c:/infineon/tools/dave ide/4.5.0.202105191637/eclipse/arm-gcc-49/bin/../lib/gcc/arm-none-eabi/4.9.3/../../../../arm-none-eabi/lib/armv7e-m/softfp\libg_nano.a(lib_a-vsnprintf.o)
                              ./main.o (vsnprintf)
c:/infineon/tools/dave ide/4.5.0.202105191637/eclipse/arm-gcc-49/bin/../lib/gcc/arm-none-eabi/4.9.3/../../../../arm-none-eabi/lib/armv7e-m/softfp\libg_nano.a(lib_a-wbuf.o)
                              c:/infineon/tools/dave ide/4.5.0.202105191637/eclipse/arm-gcc-49/bin/../lib/gcc/arm-none-eabi/4.9.3/../../../../arm-none-eabi/lib/armv7e-m/softfp\libg_nano.a(lib_a-puts.o) (__swbuf_r)
c:/infineon/tools/dave ide/4.5.0.202105191637/eclipse/arm-gcc-49/bin/../lib/gcc/arm-none-eabi/4.9.3/../../../../arm-none-eabi/lib/armv7e-m/softfp\libg_nano.a(lib_a-wsetup.o)
                              c:/infineon/tools/dave ide/4.5.0.202105191637/eclipse/arm-gcc-49/bin/../lib/gcc/arm-none-eabi/4.9.3/../../../../arm-none-eabi/lib/armv7e-m/softfp\libg_nano.a(lib_a-puts.o) (__swsetup_r)
c:/infineon/tools/dave ide/4.5.0.202105191637/eclipse/arm-gcc-49/bin/../lib/gcc/arm-none-eabi/4.9.3/../../../../arm-none-eabi/lib/armv7e-m/softfp\libg_nano.a(lib_a-dtoa.o)
                              c:/infineon/tools/dave ide/4.5.0.202105191637/eclipse/arm-gcc-49/bin/../lib/gcc/arm-none-eabi/4.9.3/../../../../arm-none-eabi/lib/armv7e-m/softfp\libg_nano.a(lib_a-nano-vfprintf_float.o) (_dtoa_r)
c:/infineon/tools/dave ide/4.5.0.202105191637/eclipse/arm-gcc-49/bin/../lib/gcc/arm-none-eabi/4.9.3/../../../../arm-none-eabi/lib/armv7e-m/softfp\libg_nano.a(lib_a-fflush.o)
                              c:/infineon/tools/dave ide/4.5.0.202105191637/eclipse/arm-gcc-49/bin/../lib/gcc/arm-none-eabi/4.9.3/../../../../arm-none-eabi/lib/armv7e-m/softfp\libg_nano.a(lib_a-wbuf.o) (_fflush_r)
c:/infineon/tools/dave ide/4.5.0.202105191637/eclipse/arm-gcc-49/bin/../lib/gcc/arm-none-eabi/4.9.3/../../../../arm-none-eabi/lib/armv7e-m/softfp\libg_nano.a(lib_a-findfp.o)
[...]
Memory Configuration

Name             Origin             Length             Attributes
FLASH_1_cached   0x08000000         0x00200000         xr
FLASH_1_uncached 0x0c000000         0x00200000         xr
PSRAM_1          0x1ffe8000         0x00018000         !xr
DSRAM_1_system   0x20000000         0x00020000         !xr
DSRAM_2_comm     0x20020000         0x00020000         !xr
SRAM_combined    0x1ffe8000         0x00058000         !xr
*default*        0x00000000         0xffffffff

Linker script and memory map

LOAD ./Startup/startup_XMC4800.o
LOAD ./Startup/system_XMC4800.o
LOAD ./Libraries/XMCLib/src/xmc4_eru.o
LOAD ./Libraries/XMCLib/src/xmc4_flash.o
LOAD ./Libraries/XMCLib/src/xmc4_gpio.o
LOAD ./Libraries/XMCLib/src/xmc4_rtc.o
LOAD ./Libraries/XMCLib/src/xmc4_scu.o
LOAD ./Libraries/XMCLib/src/xmc_can.o
LOAD ./Libraries/XMCLib/src/xmc_ccu4.o
LOAD ./Libraries/XMCLib/src/xmc_ccu8.o
LOAD ./Libraries/XMCLib/src/xmc_common.o
LOAD ./Libraries/XMCLib/src/xmc_dac.o
LOAD ./Libraries/XMCLib/src/xmc_dma.o
LOAD ./Libraries/XMCLib/src/xmc_dsd.o
LOAD ./Libraries/XMCLib/src/xmc_ebu.o
LOAD ./Libraries/XMCLib/src/xmc_ecat.o
LOAD ./Libraries/XMCLib/src/xmc_eru.o
LOAD ./Libraries/XMCLib/src/xmc_eth_mac.o
LOAD ./Libraries/XMCLib/src/xmc_eth_phy_dp83848.o
LOAD ./Libraries/XMCLib/src/xmc_eth_phy_ksz8031rnl.o
LOAD ./Libraries/XMCLib/src/xmc_eth_phy_ksz8081rnb.o
LOAD ./Libraries/XMCLib/src/xmc_fce.o
LOAD ./Libraries/XMCLib/src/xmc_gpio.o
LOAD ./Libraries/XMCLib/src/xmc_hrpwm.o
LOAD ./Libraries/XMCLib/src/xmc_i2c.o
LOAD ./Libraries/XMCLib/src/xmc_i2s.o
LOAD ./Libraries/XMCLib/src/xmc_ledts.o
LOAD ./Libraries/XMCLib/src/xmc_posif.o
LOAD ./Libraries/XMCLib/src/xmc_rtc.o
LOAD ./Libraries/XMCLib/src/xmc_sdmmc.o
LOAD ./Libraries/XMCLib/src/xmc_spi.o
LOAD ./Libraries/XMCLib/src/xmc_uart.o
LOAD ./Libraries/XMCLib/src/xmc_usbd.o
LOAD ./Libraries/XMCLib/src/xmc_usbh.o
LOAD ./Libraries/XMCLib/src/xmc_usic.o
LOAD ./Libraries/XMCLib/src/xmc_vadc.o
LOAD ./Libraries/XMCLib/src/xmc_wdt.o
LOAD ./Libraries/Newlib/syscalls.o
LOAD ./Dave/Generated/USBD_VCOM/virtual_com/descriptors.o
LOAD ./Dave/Generated/USBD_VCOM/class_driver/device/cdc_class_device.o
LOAD ./Dave/Generated/USBD_VCOM/usbd_vcom.o
LOAD ./Dave/Generated/USBD_VCOM/usbd_vcom_conf.o
LOAD ./Dave/Generated/USBD/usb/core/xmc4000/usbd_endpoint_stream_xmc4000.o
LOAD ./Dave/Generated/USBD/usb/core/xmc4000/usbd_endpoint_xmc4000.o
LOAD ./Dave/Generated/USBD/usb/core/usb_task.o
LOAD ./Dave/Generated/USBD/usbd.o
LOAD ./Dave/Generated/USBD/usbd_conf.o
LOAD ./Dave/Generated/DIGITAL_IO/digital_io.o
LOAD ./Dave/Generated/DIGITAL_IO/digital_io_conf.o
LOAD ./Dave/Generated/CPU_CTRL_XMC4/cpu_ctrl_xmc4.o
LOAD ./Dave/Generated/CPU_CTRL_XMC4/cpu_ctrl_xmc4_conf.o
LOAD ./Dave/Generated/CLOCK_XMC4/clock_xmc4.o
LOAD ./Dave/Generated/CLOCK_XMC4/clock_xmc4_conf.o
LOAD ./Dave/Generated/BUS_IO/bus_io.o
LOAD ./Dave/Generated/BUS_IO/bus_io_conf.o
LOAD ./Dave/Generated/DAVE.o
LOAD ./main.o
LOAD c:/infineon/tools/dave ide/4.5.0.202105191637/eclipse/arm-gcc-49/bin/../lib/gcc/arm-none-eabi/4.9.3/../../../../arm-none-eabi/lib/armv7e-m/softfp\libm.a
START GROUP
LOAD c:/infineon/tools/dave ide/4.5.0.202105191637/eclipse/arm-gcc-49/bin/../lib/gcc/arm-none-eabi/4.9.3/armv7e-m/softfp\libgcc.a
LOAD c:/infineon/tools/dave ide/4.5.0.202105191637/eclipse/arm-gcc-49/bin/../lib/gcc/arm-none-eabi/4.9.3/../../../../arm-none-eabi/lib/armv7e-m/softfp\libg_nano.a
LOAD c:/infineon/tools/dave ide/4.5.0.202105191637/eclipse/arm-gcc-49/bin/../lib/gcc/arm-none-eabi/4.9.3/../../../../arm-none-eabi/lib/armv7e-m/softfp\libc_nano.a
END GROUP
START GROUP
LOAD c:/infineon/tools/dave ide/4.5.0.202105191637/eclipse/arm-gcc-49/bin/../lib/gcc/arm-none-eabi/4.9.3/armv7e-m/softfp\libgcc.a
LOAD c:/infineon/tools/dave ide/4.5.0.202105191637/eclipse/arm-gcc-49/bin/../lib/gcc/arm-none-eabi/4.9.3/../../../../arm-none-eabi/lib/armv7e-m/softfp\libc_nano.a
LOAD c:/infineon/tools/dave ide/4.5.0.202105191637/eclipse/arm-gcc-49/bin/../lib/gcc/arm-none-eabi/4.9.3/../../../../arm-none-eabi/lib/armv7e-m/softfp\librdimon_nano.a
LOAD c:/infineon/tools/dave ide/4.5.0.202105191637/eclipse/arm-gcc-49/bin/../lib/gcc/arm-none-eabi/4.9.3/../../../../arm-none-eabi/lib/armv7e-m/softfp\libnosys.a
END GROUP
START GROUP
LOAD c:/infineon/tools/dave ide/4.5.0.202105191637/eclipse/arm-gcc-49/bin/../lib/gcc/arm-none-eabi/4.9.3/armv7e-m/softfp\libgcc.a
LOAD c:/infineon/tools/dave ide/4.5.0.202105191637/eclipse/arm-gcc-49/bin/../lib/gcc/arm-none-eabi/4.9.3/../../../../arm-none-eabi/lib/armv7e-m/softfp\libc_nano.a
LOAD c:/infineon/tools/dave ide/4.5.0.202105191637/eclipse/arm-gcc-49/bin/../lib/gcc/arm-none-eabi/4.9.3/../../../../arm-none-eabi/lib/armv7e-m/softfp\libnosys.a
END GROUP
START GROUP
LOAD c:/infineon/tools/dave ide/4.5.0.202105191637/eclipse/arm-gcc-49/bin/../lib/gcc/arm-none-eabi/4.9.3/armv7e-m/softfp\libgcc.a
LOAD c:/infineon/tools/dave ide/4.5.0.202105191637/eclipse/arm-gcc-49/bin/../lib/gcc/arm-none-eabi/4.9.3/../../../../arm-none-eabi/lib/armv7e-m/softfp\libc_nano.a
LOAD c:/infineon/tools/dave ide/4.5.0.202105191637/eclipse/arm-gcc-49/bin/../lib/gcc/arm-none-eabi/4.9.3/../../../../arm-none-eabi/lib/armv7e-m/softfp\librdimon_nano.a
END GROUP
                0x00000800                stack_size = DEFINED (stack_size)?stack_size:0x800
                0x00000040                no_init_size = 0x40

.text           0x08000000     0x89e8 load address 0x0c000000
                0x08000000                sText = .
 *(.reset)
 .reset         0x08000000      0x29c ./Startup/startup_XMC4800.o
                0x08000000                __Vectors
                0x08000200                Reset_Handler
                0x08000298                DSD0_7_IRQHandler
                0x08000298                DebugMon_Handler
                0x08000298                VADC0_C0_0_IRQHandler
                0x08000298                CAN0_4_IRQHandler
                0x08000298                VADC0_G2_0_IRQHandler
                0x08000298                USIC0_5_IRQHandler
                0x08000298                POSIF0_0_IRQHandler
                0x08000298                POSIF1_0_IRQHandler
                0x08000298                HardFault_Handler
                0x08000298                VADC0_G1_1_IRQHandler
                0x08000298                SysTick_Handler
                0x08000298                PendSV_Handler
                0x08000298                NMI_Handler
                0x08000298                USIC1_3_IRQHandler
                0x08000298                CCU40_2_IRQHandler
                0x08000298                SCU_0_IRQHandler
                0x08000298                ERU0_0_IRQHandler
                0x08000298                CCU41_0_IRQHandler
                0x08000298                USIC1_5_IRQHandler
                0x08000298                DSD0_4_IRQHandler
                0x08000298                CCU80_1_IRQHandler
                0x08000298                CCU81_0_IRQHandler
                0x08000298                UsageFault_Handler
                0x08000298                USIC0_0_IRQHandler
                0x08000298                POSIF1_1_IRQHandler
                0x08000298                ERU0_2_IRQHandler
                0x08000298                CCU81_1_IRQHandler
                0x08000298                ERU1_1_IRQHandler
                0x08000298                VADC0_G2_3_IRQHandler
                0x08000298                VADC0_G2_2_IRQHandler
                0x08000298                CCU42_3_IRQHandler
                0x08000298                ERU0_3_IRQHandler
                0x08000298                DSD0_5_IRQHandler
                0x08000298                VADC0_C0_3_IRQHandler
                0x08000298                CAN0_6_IRQHandler
                0x08000298                CCU43_0_IRQHandler
                0x08000298                VADC0_G0_1_IRQHandler
                0x08000298                CCU81_2_IRQHandler
                0x08000298                USIC2_4_IRQHandler
                0x08000298                CCU81_3_IRQHandler
                0x08000298                CCU42_1_IRQHandler
                0x08000298                USIC1_1_IRQHandler
                0x08000298                USIC2_5_IRQHandler
                0x08000298                CCU40_0_IRQHandler
                0x08000298                CAN0_0_IRQHandler
                0x08000298                ERU1_0_IRQHandler
                0x08000298                CCU42_2_IRQHandler
                0x08000298                Default_Handler
                0x08000298                USIC1_4_IRQHandler
                0x08000298                ERU1_3_IRQHandler
                0x08000298                USIC1_0_IRQHandler
                0x08000298                POSIF0_1_IRQHandler
                0x08000298                VADC0_G0_0_IRQHandler
                0x08000298                DSD0_2_IRQHandler
                0x08000298                CCU80_3_IRQHandler
                0x08000298                CCU41_3_IRQHandler
                0x08000298                CCU80_2_IRQHandler
                0x08000298                VADC0_G1_3_IRQHandler
                0x08000298                VADC0_G0_3_IRQHandler
                0x08000298                GPDMA0_0_IRQHandler
                0x08000298                PMU0_0_IRQHandler
                0x08000298                CAN0_7_IRQHandler
                0x08000298                DSD0_1_IRQHandler
                0x08000298                CCU41_2_IRQHandler
                0x08000298                VADC0_C0_1_IRQHandler
                0x08000298                CCU43_2_IRQHandler
                0x08000298                USIC2_2_IRQHandler
                0x08000298                MemManage_Handler
                0x08000298                VADC0_G3_1_IRQHandler
                0x08000298                DAC0_0_IRQHandler
                0x08000298                SVC_Handler
                0x08000298                VADC0_G3_3_IRQHandler
                0x08000298                ERU1_2_IRQHandler
                0x08000298                CCU41_1_IRQHandler
                0x08000298                DSD0_6_IRQHandler
                0x08000298                CCU43_1_IRQHandler
                0x08000298                VADC0_G1_2_IRQHandler
                0x08000298                USIC2_3_IRQHandler
                0x08000298                CAN0_2_IRQHandler
                0x08000298                USIC2_0_IRQHandler
                0x08000298                VADC0_G0_2_IRQHandler
                0x08000298                ECAT0_0_IRQHandler
                0x08000298                VADC0_G2_1_IRQHandler
                0x08000298                CAN0_3_IRQHandler
                0x08000298                ETH0_0_IRQHandler
                0x08000298                USIC0_3_IRQHandler
                0x08000298                DSD0_0_IRQHandler
                0x08000298                VADC0_C0_2_IRQHandler
                0x08000298                CCU42_0_IRQHandler
                0x08000298                FCE0_0_IRQHandler
                0x08000298                VADC0_G1_0_IRQHandler
                0x08000298                CAN0_5_IRQHandler
                0x08000298                CCU80_0_IRQHandler
                0x08000298                CCU40_1_IRQHandler
                0x08000298                USIC2_1_IRQHandler
                0x08000298                USIC0_1_IRQHandler
                0x08000298                VADC0_G3_2_IRQHandler
                0x08000298                CCU40_3_IRQHandler
                0x08000298                BusFault_Handler
                0x08000298                LEDTS0_0_IRQHandler
                0x08000298                USIC0_4_IRQHandler
                0x08000298                CCU43_3_IRQHandler
                0x08000298                ERU0_1_IRQHandler
                0x08000298                VADC0_G3_0_IRQHandler
                0x08000298                USIC1_2_IRQHandler
                0x08000298                DSD0_3_IRQHandler
                0x08000298                SDMMC0_0_IRQHandler
                0x08000298                CAN0_1_IRQHandler
                0x08000298                USIC0_2_IRQHandler
                0x08000298                DAC0_1_IRQHandler
                0x08000298                GPDMA1_0_IRQHandler
 *(.text .text.* .gnu.linkonce.t.*)
 .text.SystemInit
                0x0800029c       0x20 ./Startup/system_XMC4800.o
                0x0800029c                SystemInit
 .text.SystemCoreClockUpdate
                0x080002bc       0xd4 ./Startup/system_XMC4800.o
                0x080002bc                SystemCoreClockUpdate
 .text.XMC_GPIO_Init
                0x08000390      0x14c ./Libraries/XMCLib/src/xmc4_gpio.o
                0x08000390                XMC_GPIO_Init
 .text.XMC_SCU_GetMirrorStatus
                0x080004dc       0x18 ./Libraries/XMCLib/src/xmc4_scu.o
 .text.XMC_SCU_lDelay
                0x080004f4       0x44 ./Libraries/XMCLib/src/xmc4_scu.o
 .text.XMC_SCU_INTERUPT_GetEventStatus
                0x08000538       0x18 ./Libraries/XMCLib/src/xmc4_scu.o
                0x08000538                XMC_SCU_INTERUPT_GetEventStatus
 .text.XMC_SCU_INTERRUPT_ClearEventStatus
                0x08000550       0x1c ./Libraries/XMCLib/src/xmc4_scu.o
                0x08000550                XMC_SCU_INTERRUPT_ClearEventStatus
 .text.XMC_SCU_CLOCK_Init
                0x0800056c       0xf8 ./Libraries/XMCLib/src/xmc4_scu.o
                0x0800056c                XMC_SCU_CLOCK_Init
 .text.XMC_SCU_RESET_AssertPeripheralReset
                0x08000664       0x38 ./Libraries/XMCLib/src/xmc4_scu.o
                0x08000664                XMC_SCU_RESET_AssertPeripheralReset
 .text.XMC_SCU_RESET_DeassertPeripheralReset
                0x0800069c       0x38 ./Libraries/XMCLib/src/xmc4_scu.o
                0x0800069c                XMC_SCU_RESET_DeassertPeripheralReset
 .text.XMC_SCU_CLOCK_SetSystemClockSource
                0x080006d4       0x28 ./Libraries/XMCLib/src/xmc4_scu.o
                0x080006d4                XMC_SCU_CLOCK_SetSystemClockSource
 .text.XMC_SCU_CLOCK_SetUsbClockSource
                0x080006fc       0x28 ./Libraries/XMCLib/src/xmc4_scu.o
                0x080006fc                XMC_SCU_CLOCK_SetUsbClockSource
 .text.XMC_SCU_CLOCK_SetWdtClockSource
                0x08000724       0x28 ./Libraries/XMCLib/src/xmc4_scu.o
                0x08000724                XMC_SCU_CLOCK_SetWdtClockSource
 .text.XMC_SCU_CLOCK_SetSystemPllClockSource
                0x0800074c       0x40 ./Libraries/XMCLib/src/xmc4_scu.o
                0x0800074c                XMC_SCU_CLOCK_SetSystemPllClockSource
 .text.XMC_SCU_HIB_SetRtcClockSource
                0x0800078c       0x3c ./Libraries/XMCLib/src/xmc4_scu.o
                0x0800078c                XMC_SCU_HIB_SetRtcClockSource
 .text.XMC_SCU_HIB_SetStandbyClockSource
                0x080007c8       0x3c ./Libraries/XMCLib/src/xmc4_scu.o
                0x080007c8                XMC_SCU_HIB_SetStandbyClockSource
 .text.XMC_SCU_CLOCK_SetSystemClockDivider
                0x08000804       0x28 ./Libraries/XMCLib/src/xmc4_scu.o
                0x08000804                XMC_SCU_CLOCK_SetSystemClockDivider
 .text.XMC_SCU_CLOCK_SetCcuClockDivider
                0x0800082c       0x28 ./Libraries/XMCLib/src/xmc4_scu.o
                0x0800082c                XMC_SCU_CLOCK_SetCcuClockDivider
 .text.XMC_SCU_CLOCK_SetCpuClockDivider
                0x08000854       0x28 ./Libraries/XMCLib/src/xmc4_scu.o
                0x08000854                XMC_SCU_CLOCK_SetCpuClockDivider
 .text.XMC_SCU_CLOCK_SetPeripheralClockDivider
                0x0800087c       0x28 ./Libraries/XMCLib/src/xmc4_scu.o
                0x0800087c                XMC_SCU_CLOCK_SetPeripheralClockDivider
 .text.XMC_SCU_CLOCK_SetUsbClockDivider
                0x080008a4       0x28 ./Libraries/XMCLib/src/xmc4_scu.o
                0x080008a4                XMC_SCU_CLOCK_SetUsbClockDivider
 .text.XMC_SCU_CLOCK_SetEbuClockDivider
                0x080008cc       0x28 ./Libraries/XMCLib/src/xmc4_scu.o
                0x080008cc                XMC_SCU_CLOCK_SetEbuClockDivider
 .text.XMC_SCU_CLOCK_SetWdtClockDivider
                0x080008f4       0x28 ./Libraries/XMCLib/src/xmc4_scu.o
                0x080008f4                XMC_SCU_CLOCK_SetWdtClockDivider
 .text.XMC_SCU_CLOCK_SetECATClockDivider
                0x0800091c       0x28 ./Libraries/XMCLib/src/xmc4_scu.o
                0x0800091c                XMC_SCU_CLOCK_SetECATClockDivider
 .text.XMC_SCU_CLOCK_EnableClock
                0x08000944       0x20 ./Libraries/XMCLib/src/xmc4_scu.o
                0x08000944                XMC_SCU_CLOCK_EnableClock
 .text.XMC_SCU_CLOCK_GatePeripheralClock
                0x08000964       0x38 ./Libraries/XMCLib/src/xmc4_scu.o
                0x08000964                XMC_SCU_CLOCK_GatePeripheralClock
 .text.XMC_SCU_CLOCK_UngatePeripheralClock
                0x0800099c       0x38 ./Libraries/XMCLib/src/xmc4_scu.o
                0x0800099c                XMC_SCU_CLOCK_UngatePeripheralClock
 .text.XMC_SCU_CLOCK_EnableUsbPll
                0x080009d4       0x20 ./Libraries/XMCLib/src/xmc4_scu.o
                0x080009d4                XMC_SCU_CLOCK_EnableUsbPll
 .text.XMC_SCU_CLOCK_StartUsbPll
                0x080009f4       0xb4 ./Libraries/XMCLib/src/xmc4_scu.o
                0x080009f4                XMC_SCU_CLOCK_StartUsbPll
 .text.XMC_SCU_CLOCK_SetBackupClockCalibrationMode
                0x08000aa8       0x4c ./Libraries/XMCLib/src/xmc4_scu.o
                0x08000aa8                XMC_SCU_CLOCK_SetBackupClockCalibrationMode
 .text.XMC_SCU_POWER_EnableUsb
                0x08000af4       0x18 ./Libraries/XMCLib/src/xmc4_scu.o
                0x08000af4                XMC_SCU_POWER_EnableUsb
 .text.XMC_SCU_POWER_DisableUsb
                0x08000b0c       0x18 ./Libraries/XMCLib/src/xmc4_scu.o
                0x08000b0c                XMC_SCU_POWER_DisableUsb
 .text.XMC_SCU_HIB_EnableHibernateDomain
                0x08000b24       0x58 ./Libraries/XMCLib/src/xmc4_scu.o
                0x08000b24                XMC_SCU_HIB_EnableHibernateDomain
 .text.XMC_SCU_CLOCK_IsLowPowerOscillatorStable
                0x08000b7c       0x24 ./Libraries/XMCLib/src/xmc4_scu.o
                0x08000b7c                XMC_SCU_CLOCK_IsLowPowerOscillatorStable
 .text.XMC_SCU_CLOCK_EnableLowPowerOscillator
                0x08000ba0       0x70 ./Libraries/XMCLib/src/xmc4_scu.o
                0x08000ba0                XMC_SCU_CLOCK_EnableLowPowerOscillator
 .text.XMC_SCU_CLOCK_EnableHighPerformanceOscillator
                0x08000c10       0x50 ./Libraries/XMCLib/src/xmc4_scu.o
                0x08000c10                XMC_SCU_CLOCK_EnableHighPerformanceOscillator
 .text.XMC_SCU_CLOCK_IsHighPerformanceOscillatorStable
                0x08000c60       0x28 ./Libraries/XMCLib/src/xmc4_scu.o
                0x08000c60                XMC_SCU_CLOCK_IsHighPerformanceOscillatorStable
 .text.XMC_SCU_CLOCK_EnableSystemPll
                0x08000c88       0x20 ./Libraries/XMCLib/src/xmc4_scu.o
                0x08000c88                XMC_SCU_CLOCK_EnableSystemPll
 .text.XMC_SCU_CLOCK_DisableSystemPll
                0x08000ca8       0x20 ./Libraries/XMCLib/src/xmc4_scu.o
                0x08000ca8                XMC_SCU_CLOCK_DisableSystemPll
 .text.XMC_SCU_CLOCK_StartSystemPll
                0x08000cc8      0x19c ./Libraries/XMCLib/src/xmc4_scu.o
                0x08000cc8                XMC_SCU_CLOCK_StartSystemPll
 .text.XMC_SCU_CLOCK_StepSystemPllFrequency
                0x08000e64       0x3c ./Libraries/XMCLib/src/xmc4_scu.o
                0x08000e64                XMC_SCU_CLOCK_StepSystemPllFrequency
 .text.XMC_GPIO_SetHardwareControl
                0x08000ea0       0x44 ./Libraries/XMCLib/src/xmc_gpio.o
                0x08000ea0                XMC_GPIO_SetHardwareControl
 .text.XMC_USBD_lDeviceActive
                0x08000ee4       0x6c ./Libraries/XMCLib/src/xmc_usbd.o
 .text.XMC_USBD_lReadFifo
                0x08000f50       0xe8 ./Libraries/XMCLib/src/xmc_usbd.o
 .text.XMC_USBD_lWriteFifo
                0x08001038       0xa4 ./Libraries/XMCLib/src/xmc_usbd.o
 .text.XMC_USBD_lFlushTXFifo
                0x080010dc       0x84 ./Libraries/XMCLib/src/xmc_usbd.o
 .text.XMC_USBD_lFlushRXFifo
                0x08001160       0x68 ./Libraries/XMCLib/src/xmc_usbd.o
 .text.XMC_USBD_lAssignTXFifo
                0x080011c8       0x70 ./Libraries/XMCLib/src/xmc_usbd.o
 .text.XMC_USBD_lUnassignFifo
                0x08001238       0x38 ./Libraries/XMCLib/src/xmc_usbd.o
 .text.XMC_USBD_lStartReadXfer
                0x08001270      0x178 ./Libraries/XMCLib/src/xmc_usbd.o
 .text.XMC_USBD_lStartWriteXfer
                0x080013e8      0x194 ./Libraries/XMCLib/src/xmc_usbd.o
 .text.XMC_USBD_lHandleUSBReset
                0x0800157c      0x14c ./Libraries/XMCLib/src/xmc_usbd.o
 .text.XMC_USBD_lHandleOTGInt
                0x080016c8       0x48 ./Libraries/XMCLib/src/xmc_usbd.o
 .text.XMC_USBD_lHandleEnumDone
                0x08001710       0x78 ./Libraries/XMCLib/src/xmc_usbd.o
 .text.XMC_USBD_lHandleOEPInt
                0x08001788      0x1b8 ./Libraries/XMCLib/src/xmc_usbd.o
 .text.XMC_USBD_lHandleIEPInt
                0x08001940      0x1b8 ./Libraries/XMCLib/src/xmc_usbd.o
 .text.XMC_USBD_lHandleRxFLvl
                0x08001af8       0x80 ./Libraries/XMCLib/src/xmc_usbd.o
 .text.XMC_USBD_IRQHandler
                0x08001b78      0x14c ./Libraries/XMCLib/src/xmc_usbd.o
                0x08001b78                XMC_USBD_IRQHandler
 .text.XMC_USBD_Enable
                0x08001cc4       0x1c ./Libraries/XMCLib/src/xmc_usbd.o
                0x08001cc4                XMC_USBD_Enable
 .text.XMC_USBD_Disable
                0x08001ce0       0x1c ./Libraries/XMCLib/src/xmc_usbd.o
                0x08001ce0                XMC_USBD_Disable
 .text.XMC_USBD_ClearEvent
                0x08001cfc       0xc8 ./Libraries/XMCLib/src/xmc_usbd.o
                0x08001cfc                XMC_USBD_ClearEvent
 .text.XMC_USBD_lClearEventOTG
                0x08001dc4       0x28 ./Libraries/XMCLib/src/xmc_usbd.o
 .text.XMC_USBD_ClearEventINEP
                0x08001dec       0x2c ./Libraries/XMCLib/src/xmc_usbd.o
                0x08001dec                XMC_USBD_ClearEventINEP
 .text.XMC_USBD_ClearEventOUTEP
                0x08001e18       0x30 ./Libraries/XMCLib/src/xmc_usbd.o
                0x08001e18                XMC_USBD_ClearEventOUTEP
 .text.XMC_USBD_EnableEventOUTEP
                0x08001e48       0x30 ./Libraries/XMCLib/src/xmc_usbd.o
                0x08001e48                XMC_USBD_EnableEventOUTEP
 .text.XMC_USBD_EnableEventINEP
                0x08001e78       0x30 ./Libraries/XMCLib/src/xmc_usbd.o
                0x08001e78                XMC_USBD_EnableEventINEP
 .text.XMC_USBD_GetCapabilities
                0x08001ea8       0x68 ./Libraries/XMCLib/src/xmc_usbd.o
                0x08001ea8                XMC_USBD_GetCapabilities
 .text.XMC_USBD_Init
                0x08001f10      0x23c ./Libraries/XMCLib/src/xmc_usbd.o
                0x08001f10                XMC_USBD_Init
 .text.XMC_USBD_Uninitialize
                0x0800214c       0x3c ./Libraries/XMCLib/src/xmc_usbd.o
                0x0800214c                XMC_USBD_Uninitialize
 .text.XMC_USBD_DeviceConnect
                0x08002188       0x34 ./Libraries/XMCLib/src/xmc_usbd.o
                0x08002188                XMC_USBD_DeviceConnect
 .text.XMC_USBD_DeviceDisconnect
                0x080021bc       0x34 ./Libraries/XMCLib/src/xmc_usbd.o
                0x080021bc                XMC_USBD_DeviceDisconnect
 .text.XMC_USBD_DeviceGetState
                0x080021f0       0x64 ./Libraries/XMCLib/src/xmc_usbd.o
                0x080021f0                XMC_USBD_DeviceGetState
 .text.XMC_USBD_EndpointReadStart
                0x08002254       0x8c ./Libraries/XMCLib/src/xmc_usbd.o
                0x08002254                XMC_USBD_EndpointReadStart
 .text.XMC_USBD_EndpointRead
                0x080022e0       0x78 ./Libraries/XMCLib/src/xmc_usbd.o
                0x080022e0                XMC_USBD_EndpointRead
 .text.XMC_USBD_EndpointWrite
                0x08002358       0xa8 ./Libraries/XMCLib/src/xmc_usbd.o
                0x08002358                XMC_USBD_EndpointWrite
 .text.XMC_USBD_DeviceSetAddress
                0x08002400       0x4c ./Libraries/XMCLib/src/xmc_usbd.o
                0x08002400                XMC_USBD_DeviceSetAddress
 .text.XMC_USBD_EndpointStall
                0x0800244c      0x14c ./Libraries/XMCLib/src/xmc_usbd.o
                0x0800244c                XMC_USBD_EndpointStall
 .text.XMC_USBD_EndpointAbort
                0x08002598       0x88 ./Libraries/XMCLib/src/xmc_usbd.o
                0x08002598                XMC_USBD_EndpointAbort
 .text.XMC_USBD_EndpointConfigure
                0x08002620      0x2f4 ./Libraries/XMCLib/src/xmc_usbd.o
                0x08002620                XMC_USBD_EndpointConfigure
 .text.XMC_USBD_EndpointUnconfigure
                0x08002914      0x170 ./Libraries/XMCLib/src/xmc_usbd.o
                0x08002914                XMC_USBD_EndpointUnconfigure
 .text.XMC_USBD_GetFrameNumber
                0x08002a84       0x2c ./Libraries/XMCLib/src/xmc_usbd.o
                0x08002a84                XMC_USBD_GetFrameNumber
 .text.XMC_USBD_IsEnumDone
                0x08002ab0       0x38 ./Libraries/XMCLib/src/xmc_usbd.o
                0x08002ab0                XMC_USBD_IsEnumDone
 .text._sbrk    0x08002ae8       0x68 ./Libraries/Newlib/syscalls.o
                0x08002ae8                _sbrk
 .text._init    0x08002b50        0xc ./Libraries/Newlib/syscalls.o
                0x08002b50                _init
 .text.USBD_VCOM_Event_GetDescriptor
                0x08002b5c       0xa0 ./Dave/Generated/USBD_VCOM/virtual_com/descriptors.o
                0x08002b5c                USBD_VCOM_Event_GetDescriptor
 .text.Endpoint_SelectEndpoint
                0x08002bfc       0x34 ./Dave/Generated/USBD_VCOM/class_driver/device/cdc_class_device.o
 .text.Endpoint_IsSETUPReceived
                0x08002c30       0x2c ./Dave/Generated/USBD_VCOM/class_driver/device/cdc_class_device.o
 .text.Endpoint_ClearSETUP
                0x08002c5c       0x20 ./Dave/Generated/USBD_VCOM/class_driver/device/cdc_class_device.o
 .text.Endpoint_ClearStatusStage
                0x08002c7c        0xc ./Dave/Generated/USBD_VCOM/class_driver/device/cdc_class_device.o
 .text.Endpoint_IsINReady
                0x08002c88       0x58 ./Dave/Generated/USBD_VCOM/class_driver/device/cdc_class_device.o
 .text.Endpoint_IsOUTReceived
                0x08002ce0       0x44 ./Dave/Generated/USBD_VCOM/class_driver/device/cdc_class_device.o
 .text.Endpoint_BytesInEndpoint
                0x08002d24       0x48 ./Dave/Generated/USBD_VCOM/class_driver/device/cdc_class_device.o
 .text.CDC_Device_ProcessControlRequest
                0x08002d6c      0x184 ./Dave/Generated/USBD_VCOM/class_driver/device/cdc_class_device.o
                0x08002d6c                CDC_Device_ProcessControlRequest
 .text.CDC_Device_ConfigureEndpoints
                0x08002ef0       0x88 ./Dave/Generated/USBD_VCOM/class_driver/device/cdc_class_device.o
                0x08002ef0                CDC_Device_ConfigureEndpoints
 .text.CDC_Device_USBTask
                0x08002f78       0x40 ./Dave/Generated/USBD_VCOM/class_driver/device/cdc_class_device.o
                0x08002f78                CDC_Device_USBTask
 .text.CDC_Device_SendString
                0x08002fb8       0x58 ./Dave/Generated/USBD_VCOM/class_driver/device/cdc_class_device.o
                0x08002fb8                CDC_Device_SendString
 .text.CDC_Device_SendData
                0x08003010       0x54 ./Dave/Generated/USBD_VCOM/class_driver/device/cdc_class_device.o
                0x08003010                CDC_Device_SendData
 .text.CDC_Device_SendByte
                0x08003064       0x64 ./Dave/Generated/USBD_VCOM/class_driver/device/cdc_class_device.o
                0x08003064                CDC_Device_SendByte
 .text.CDC_Device_Flush
                0x080030c8       0x50 ./Dave/Generated/USBD_VCOM/class_driver/device/cdc_class_device.o
                0x080030c8                CDC_Device_Flush
 .text.CDC_Device_BytesReceived
                0x08003118       0x64 ./Dave/Generated/USBD_VCOM/class_driver/device/cdc_class_device.o
                0x08003118                CDC_Device_BytesReceived
 .text.CDC_Device_ReceiveByte
                0x0800317c       0x5c ./Dave/Generated/USBD_VCOM/class_driver/device/cdc_class_device.o
                0x0800317c                CDC_Device_ReceiveByte
 .text.__NVIC_EnableIRQ
                0x080031d8       0x38 ./Dave/Generated/USBD_VCOM/usbd_vcom.o
 .text.__NVIC_DisableIRQ
                0x08003210       0x44 ./Dave/Generated/USBD_VCOM/usbd_vcom.o
 .text.USBD_VCOM_Init
                0x08003254       0x98 ./Dave/Generated/USBD_VCOM/usbd_vcom.o
                0x08003254                USBD_VCOM_Init
 .text.USBD_VCOM_SendByte
                0x080032ec       0x40 ./Dave/Generated/USBD_VCOM/usbd_vcom.o
                0x080032ec                USBD_VCOM_SendByte
 .text.USBD_VCOM_SendData
                0x0800332c       0x58 ./Dave/Generated/USBD_VCOM/usbd_vcom.o
                0x0800332c                USBD_VCOM_SendData
 .text.USBD_VCOM_SendString
                0x08003384       0x48 ./Dave/Generated/USBD_VCOM/usbd_vcom.o
                0x08003384                USBD_VCOM_SendString
 .text.USBD_VCOM_ReceiveByte
                0x080033cc       0x48 ./Dave/Generated/USBD_VCOM/usbd_vcom.o
                0x080033cc                USBD_VCOM_ReceiveByte
 .text.USBD_VCOM_BytesReceived
                0x08003414       0x30 ./Dave/Generated/USBD_VCOM/usbd_vcom.o
                0x08003414                USBD_VCOM_BytesReceived
 .text.USBD_VCOM_Register_USBEvent_CB
                0x08003444       0xa4 ./Dave/Generated/USBD_VCOM/usbd_vcom.o
                0x08003444                USBD_VCOM_Register_USBEvent_CB
 .text.USBD_VCOM_Event_ConfigurationChanged
                0x080034e8       0x5c ./Dave/Generated/USBD_VCOM/usbd_vcom.o
                0x080034e8                USBD_VCOM_Event_ConfigurationChanged
 .text.USBD_VCOM_Event_ControlRequest
                0x08003544       0x10 ./Dave/Generated/USBD_VCOM/usbd_vcom.o
                0x08003544                USBD_VCOM_Event_ControlRequest
 .text.USBD_VCOM_Event_Reset
                0x08003554       0x40 ./Dave/Generated/USBD_VCOM/usbd_vcom.o
                0x08003554                USBD_VCOM_Event_Reset
 .text.USBD_VCOM_CDCClass_Event_LineEncodingChanged
                0x08003594       0x1c ./Dave/Generated/USBD_VCOM/usbd_vcom.o
                0x08003594                USBD_VCOM_CDCClass_Event_LineEncodingChanged
 .text.USBD_VCOM_CDCClass_Event_ControlLineStateChanged
                0x080035b0       0x1c ./Dave/Generated/USBD_VCOM/usbd_vcom.o
                0x080035b0                USBD_VCOM_CDCClass_Event_ControlLineStateChanged
 .text.USBD_VCOM_CDCClass_Event_BreakSent
                0x080035cc       0x20 ./Dave/Generated/USBD_VCOM/usbd_vcom.o
                0x080035cc                USBD_VCOM_CDCClass_Event_BreakSent
 .text.USBD_VCOM_Connect
                0x080035ec       0x10 ./Dave/Generated/USBD_VCOM/usbd_vcom.o
                0x080035ec                USBD_VCOM_Connect
 .text.Endpoint_Write_Stream_LE
                0x080035fc      0x10c ./Dave/Generated/USBD/usb/core/xmc4000/usbd_endpoint_stream_xmc4000.o
                0x080035fc                Endpoint_Write_Stream_LE
 .text.__NVIC_EnableIRQ
                0x08003708       0x38 ./Dave/Generated/USBD/usb/core/xmc4000/usbd_endpoint_xmc4000.o
 .text.__NVIC_DisableIRQ
                0x08003740       0x44 ./Dave/Generated/USBD/usb/core/xmc4000/usbd_endpoint_xmc4000.o
 .text.Endpoint_IsINReady
                0x08003784       0x58 ./Dave/Generated/USBD/usb/core/xmc4000/usbd_endpoint_xmc4000.o
 .text.Endpoint_IsOUTReceived
                0x080037dc       0x44 ./Dave/Generated/USBD/usb/core/xmc4000/usbd_endpoint_xmc4000.o
 .text.Endpoint_GetEndpointDirection
                0x08003820       0x38 ./Dave/Generated/USBD/usb/core/xmc4000/usbd_endpoint_xmc4000.o
 .text.Endpoint_IsStalled
                0x08003858       0x40 ./Dave/Generated/USBD/usb/core/xmc4000/usbd_endpoint_xmc4000.o
 .text.USB_Device_GetFrameNumber
                0x08003898       0x18 ./Dave/Generated/USBD/usb/core/xmc4000/usbd_endpoint_xmc4000.o
 .text.Endpoint_WaitUntilReady
                0x080038b0       0x90 ./Dave/Generated/USBD/usb/core/xmc4000/usbd_endpoint_xmc4000.o
                0x080038b0                Endpoint_WaitUntilReady
 .text.Endpoint_ClearOUT
                0x08003940       0x9c ./Dave/Generated/USBD/usb/core/xmc4000/usbd_endpoint_xmc4000.o
                0x08003940                Endpoint_ClearOUT
 .text.Endpoint_ClearIN
                0x080039dc       0xa4 ./Dave/Generated/USBD/usb/core/xmc4000/usbd_endpoint_xmc4000.o
                0x080039dc                Endpoint_ClearIN
 .text.Endpoint_IsReadWriteAllowed
                0x08003a80       0x64 ./Dave/Generated/USBD/usb/core/xmc4000/usbd_endpoint_xmc4000.o
                0x08003a80                Endpoint_IsReadWriteAllowed
 .text.Endpoint_Write_8
                0x08003ae4       0x68 ./Dave/Generated/USBD/usb/core/xmc4000/usbd_endpoint_xmc4000.o
                0x08003ae4                Endpoint_Write_8
 .text.Endpoint_Read_8
                0x08003b4c       0x70 ./Dave/Generated/USBD/usb/core/xmc4000/usbd_endpoint_xmc4000.o
                0x08003b4c                Endpoint_Read_8
 .text.Endpoint_Write_32_LE
                0x08003bbc       0x68 ./Dave/Generated/USBD/usb/core/xmc4000/usbd_endpoint_xmc4000.o
                0x08003bbc                Endpoint_Write_32_LE
 .text.Endpoint_Read_32_LE
                0x08003c24       0x70 ./Dave/Generated/USBD/usb/core/xmc4000/usbd_endpoint_xmc4000.o
                0x08003c24                Endpoint_Read_32_LE
 .text.Endpoint_ConfigureEndpointTable
                0x08003c94      0x150 ./Dave/Generated/USBD/usb/core/xmc4000/usbd_endpoint_xmc4000.o
                0x08003c94                Endpoint_ConfigureEndpointTable
 .text.__NVIC_GetPriorityGrouping
                0x08003de4       0x1c ./Dave/Generated/USBD/usbd.o
 .text.__NVIC_EnableIRQ
                0x08003e00       0x38 ./Dave/Generated/USBD/usbd.o
 .text.__NVIC_DisableIRQ
                0x08003e38       0x44 ./Dave/Generated/USBD/usbd.o
 .text.__NVIC_ClearPendingIRQ
                0x08003e7c       0x3c ./Dave/Generated/USBD/usbd.o
 .text.__NVIC_SetPriority
                0x08003eb8       0x54 ./Dave/Generated/USBD/usbd.o
 .text.NVIC_EncodePriority
                0x08003f0c       0x64 ./Dave/Generated/USBD/usbd.o
 .text.USBD_Init
                0x08003f70      0x124 ./Dave/Generated/USBD/usbd.o
                0x08003f70                USBD_Init
 .text.USBD_Connect
                0x08004094       0x18 ./Dave/Generated/USBD/usbd.o
                0x08004094                USBD_Connect
 .text.USBD_SetEndpointBuffer
                0x080040ac       0x78 ./Dave/Generated/USBD/usbd.o
                0x080040ac                USBD_SetEndpointBuffer
 .text.USB0_0_IRQHandler
                0x08004124       0x14 ./Dave/Generated/USBD/usbd.o
                0x08004124                USB0_0_IRQHandler
 .text.USB_EnableUSBInterrupt
                0x08004138       0x2c ./Dave/Generated/USBD/usbd.o
 .text.USB_DisableUSBInterrupt
                0x08004164       0x14 ./Dave/Generated/USBD/usbd.o
 .text.USBD_HandleEP0_Stall
                0x08004178       0x30 ./Dave/Generated/USBD/usbd.o
 .text.USBD_Handle_DeviceRequest
                0x080041a8      0x4b8 ./Dave/Generated/USBD/usbd.o
 .text.USBD_HandleEP0_IN
                0x08004660       0x4c ./Dave/Generated/USBD/usbd.o
 .text.USBD_HandleEP0_OUT
                0x080046ac       0x54 ./Dave/Generated/USBD/usbd.o
 .text.USBD_HandleEP0_SETUP
                0x08004700       0x98 ./Dave/Generated/USBD/usbd.o
 .text.USBD_SignalDeviceEventHandler
                0x08004798      0x25c ./Dave/Generated/USBD/usbd.o
 .text.USBD_SignalEndpointEvent_Handler
                0x080049f4      0x1a0 ./Dave/Generated/USBD/usbd.o
 .text.DIGITAL_IO_Init
                0x08004b94       0x40 ./Dave/Generated/DIGITAL_IO/digital_io.o
                0x08004b94                DIGITAL_IO_Init
 .text.__NVIC_SetPriorityGrouping
                0x08004bd4       0x48 ./Dave/Generated/CPU_CTRL_XMC4/cpu_ctrl_xmc4_conf.o
 .text.__NVIC_GetPriorityGrouping
                0x08004c1c       0x1c ./Dave/Generated/CPU_CTRL_XMC4/cpu_ctrl_xmc4_conf.o
 .text.__NVIC_SetPriority
                0x08004c38       0x54 ./Dave/Generated/CPU_CTRL_XMC4/cpu_ctrl_xmc4_conf.o
 .text.NVIC_EncodePriority
                0x08004c8c       0x64 ./Dave/Generated/CPU_CTRL_XMC4/cpu_ctrl_xmc4_conf.o
 .text.SystemCoreSetup
                0x08004cf0      0x10c ./Dave/Generated/CPU_CTRL_XMC4/cpu_ctrl_xmc4_conf.o
                0x08004cf0                SystemCoreSetup
 .text.CLOCK_XMC4_Init
                0x08004dfc       0x20 ./Dave/Generated/CLOCK_XMC4/clock_xmc4.o
                0x08004dfc                CLOCK_XMC4_Init
 .text.OSCHP_GetFrequency
                0x08004e1c       0x14 ./Dave/Generated/CLOCK_XMC4/clock_xmc4.o
                0x08004e1c                OSCHP_GetFrequency
 .text.XMC_SCU_CLOCK_SetECATClockSource
                0x08004e30       0x28 ./Dave/Generated/CLOCK_XMC4/clock_xmc4_conf.o
 .text.SystemCoreClockSetup
                0x08004e58       0x64 ./Dave/Generated/CLOCK_XMC4/clock_xmc4_conf.o
                0x08004e58                SystemCoreClockSetup
 .text.BUS_IO_Init
                0x08004ebc       0x64 ./Dave/Generated/BUS_IO/bus_io.o
                0x08004ebc                BUS_IO_Init
 .text.DAVE_Init
                0x08004f20       0x74 ./Dave/Generated/DAVE.o
                0x08004f20                DAVE_Init
 .text.XMC_GPIO_ToggleOutput
                0x08004f94       0x24 ./main.o
 .text.XMC_GPIO_GetInput
                0x08004fb8       0x28 ./main.o
 .text.DIGITAL_IO_ToggleOutput
                0x08004fe0       0x20 ./main.o
 .text.DIGITAL_IO_GetInput
                0x08005000       0x24 ./main.o
 .text.printf   0x08005024       0x68 ./main.o
                0x08005024                printf
 .text.main     0x0800508c       0xf8 ./main.o
                0x0800508c                main
 .text.__errno  0x08005184        0xc c:/infineon/tools/dave ide/4.5.0.202105191637/eclipse/arm-gcc-49/bin/../lib/gcc/arm-none-eabi/4.9.3/../../../../arm-none-eabi/lib/armv7e-m/softfp\libg_nano.a(lib_a-errno.o)
                0x08005184                __errno
 .text.__libc_init_array
                0x08005190       0x4c c:/infineon/tools/dave ide/4.5.0.202105191637/eclipse/arm-gcc-49/bin/../lib/gcc/arm-none-eabi/4.9.3/../../../../arm-none-eabi/lib/armv7e-m/softfp\libg_nano.a(lib_a-init.o)
                0x08005190                __libc_init_array
 .text.memcpy   0x080051dc       0x16 c:/infineon/tools/dave ide/4.5.0.202105191637/eclipse/arm-gcc-49/bin/../lib/gcc/arm-none-eabi/4.9.3/../../../../arm-none-eabi/lib/armv7e-m/softfp\libg_nano.a(lib_a-memcpy.o)
                0x080051dc                memcpy
 .text.memset   0x080051f2       0x10 c:/infineon/tools/dave ide/4.5.0.202105191637/eclipse/arm-gcc-49/bin/../lib/gcc/arm-none-eabi/4.9.3/../../../../arm-none-eabi/lib/armv7e-m/softfp\libg_nano.a(lib_a-memset.o)
                0x080051f2                memset
 .text.__cvt    0x08005202       0xc0 c:/infineon/tools/dave ide/4.5.0.202105191637/eclipse/arm-gcc-49/bin/../lib/gcc/arm-none-eabi/4.9.3/../../../../arm-none-eabi/lib/armv7e-m/softfp\libg_nano.a(lib_a-nano-vfprintf_float.o)
                0x08005202                __cvt
 .text.__exponent
                0x080052c2       0x60 c:/infineon/tools/dave ide/4.5.0.202105191637/eclipse/arm-gcc-49/bin/../lib/gcc/arm-none-eabi/4.9.3/../../../../arm-none-eabi/lib/armv7e-m/softfp\libg_nano.a(lib_a-nano-vfprintf_float.o)
                0x080052c2                __exponent
 *fill*         0x08005322        0x2 
 .text._printf_float
                0x08005324      0x488 c:/infineon/tools/dave ide/4.5.0.202105191637/eclipse/arm-gcc-49/bin/../lib/gcc/arm-none-eabi/4.9.3/../../../../arm-none-eabi/lib/armv7e-m/softfp\libg_nano.a(lib_a-nano-vfprintf_float.o)
                0x08005324                _printf_float
 .text._printf_common
                0x080057ac       0xea c:/infineon/tools/dave ide/4.5.0.202105191637/eclipse/arm-gcc-49/bin/../lib/gcc/arm-none-eabi/4.9.3/../../../../arm-none-eabi/lib/armv7e-m/softfp\libg_nano.a(lib_a-nano-vfprintf_i.o)
                0x080057ac                _printf_common
 *fill*         0x08005896        0x2 
 .text._printf_i
                0x08005898      0x234 c:/infineon/tools/dave ide/4.5.0.202105191637/eclipse/arm-gcc-49/bin/../lib/gcc/arm-none-eabi/4.9.3/../../../../arm-none-eabi/lib/armv7e-m/softfp\libg_nano.a(lib_a-nano-vfprintf_i.o)
                0x08005898                _printf_i
 .text._puts_r  0x08005acc       0xbc c:/infineon/tools/dave ide/4.5.0.202105191637/eclipse/arm-gcc-49/bin/../lib/gcc/arm-none-eabi/4.9.3/../../../../arm-none-eabi/lib/armv7e-m/softfp\libg_nano.a(lib_a-puts.o)
                0x08005acc                _puts_r
 .text.puts     0x08005b88       0x10 c:/infineon/tools/dave ide/4.5.0.202105191637/eclipse/arm-gcc-49/bin/../lib/gcc/arm-none-eabi/4.9.3/../../../../arm-none-eabi/lib/armv7e-m/softfp\libg_nano.a(lib_a-puts.o)
                0x08005b88                puts
 .text.__fpclassifyd
                0x08005b98       0x54 c:/infineon/tools/dave ide/4.5.0.202105191637/eclipse/arm-gcc-49/bin/../lib/gcc/arm-none-eabi/4.9.3/../../../../arm-none-eabi/lib/armv7e-m/softfp\libg_nano.a(lib_a-s_fpclassify.o)
                0x08005b98                __fpclassifyd
 .text.strlen   0x08005bec       0x10 c:/infineon/tools/dave ide/4.5.0.202105191637/eclipse/arm-gcc-49/bin/../lib/gcc/arm-none-eabi/4.9.3/../../../../arm-none-eabi/lib/armv7e-m/softfp\libg_nano.a(lib_a-strlen.o)
                0x08005bec                strlen
 .text._vsnprintf_r
                0x08005bfc       0x52 c:/infineon/tools/dave ide/4.5.0.202105191637/eclipse/arm-gcc-49/bin/../lib/gcc/arm-none-eabi/4.9.3/../../../../arm-none-eabi/lib/armv7e-m/softfp\libg_nano.a(lib_a-vsnprintf.o)
                0x08005bfc                _vsniprintf_r
                0x08005bfc                _vsnprintf_r
 *fill*         0x08005c4e        0x2 
 .text.vsnprintf
                0x08005c50       0x20 c:/infineon/tools/dave ide/4.5.0.202105191637/eclipse/arm-gcc-49/bin/../lib/gcc/arm-none-eabi/4.9.3/../../../../arm-none-eabi/lib/armv7e-m/softfp\libg_nano.a(lib_a-vsnprintf.o)
                0x08005c50                vsniprintf
                0x08005c50                vsnprintf
 .text.__swbuf_r
                0x08005c70       0xa8 c:/infineon/tools/dave ide/4.5.0.202105191637/eclipse/arm-gcc-49/bin/../lib/gcc/arm-none-eabi/4.9.3/../../../../arm-none-eabi/lib/armv7e-m/softfp\libg_nano.a(lib_a-wbuf.o)
                0x08005c70                __swbuf_r
 .text.__swsetup_r
                0x08005d18       0xd8 c:/infineon/tools/dave ide/4.5.0.202105191637/eclipse/arm-gcc-49/bin/../lib/gcc/arm-none-eabi/4.9.3/../../../../arm-none-eabi/lib/armv7e-m/softfp\libg_nano.a(lib_a-wsetup.o)
                0x08005d18                __swsetup_r
 .text.quorem   0x08005df0      0x11a c:/infineon/tools/dave ide/4.5.0.202105191637/eclipse/arm-gcc-49/bin/../lib/gcc/arm-none-eabi/4.9.3/../../../../arm-none-eabi/lib/armv7e-m/softfp\libg_nano.a(lib_a-dtoa.o)
 *fill*         0x08005f0a        0x6 
 .text._dtoa_r  0x08005f10      0xb88 c:/infineon/tools/dave ide/4.5.0.202105191637/eclipse/arm-gcc-49/bin/../lib/gcc/arm-none-eabi/4.9.3/../../../../arm-none-eabi/lib/armv7e-m/softfp\libg_nano.a(lib_a-dtoa.o)
                0x08005f10                _dtoa_r
 .text.__sflush_r
                0x08006a98      0x108 c:/infineon/tools/dave ide/4.5.0.202105191637/eclipse/arm-gcc-49/bin/../lib/gcc/arm-none-eabi/4.9.3/../../../../arm-none-eabi/lib/armv7e-m/softfp\libg_nano.a(lib_a-fflush.o)
                0x08006a98                __sflush_r
 .text._fflush_r
                0x08006ba0       0x54 c:/infineon/tools/dave ide/4.5.0.202105191637/eclipse/arm-gcc-49/bin/../lib/gcc/arm-none-eabi/4.9.3/../../../../arm-none-eabi/lib/armv7e-m/softfp\libg_nano.a(lib_a-fflush.o)
                0x08006ba0                _fflush_r
 .text._cleanup_r
                0x08006bf4        0xc c:/infineon/tools/dave ide/4.5.0.202105191637/eclipse/arm-gcc-49/bin/../lib/gcc/arm-none-eabi/4.9.3/../../../../arm-none-eabi/lib/armv7e-m/softfp\libg_nano.a(lib_a-findfp.o)
                0x08006bf4                _cleanup_r
 .text.std.isra.0
                0x08006c00       0x48 c:/infineon/tools/dave ide/4.5.0.202105191637/eclipse/arm-gcc-49/bin/../lib/gcc/arm-none-eabi/4.9.3/../../../../arm-none-eabi/lib/armv7e-m/softfp\libg_nano.a(lib_a-findfp.o)
 .text.__sfmoreglue
                0x08006c48       0x2c c:/infineon/tools/dave ide/4.5.0.202105191637/eclipse/arm-gcc-49/bin/../lib/gcc/arm-none-eabi/4.9.3/../../../../arm-none-eabi/lib/armv7e-m/softfp\libg_nano.a(lib_a-findfp.o)
                0x08006c48                __sfmoreglue
 .text.__sinit  0x08006c74       0x60 c:/infineon/tools/dave ide/4.5.0.202105191637/eclipse/arm-gcc-49/bin/../lib/gcc/arm-none-eabi/4.9.3/../../../../arm-none-eabi/lib/armv7e-m/softfp\libg_nano.a(lib_a-findfp.o)
                0x08006c74                __sinit
 .text.__sfp    0x08006cd4       0x74 c:/infineon/tools/dave ide/4.5.0.202105191637/eclipse/arm-gcc-49/bin/../lib/gcc/arm-none-eabi/4.9.3/../../../../arm-none-eabi/lib/armv7e-m/softfp\libg_nano.a(lib_a-findfp.o)
                0x08006cd4                __sfp
 .text._fwalk_reent
                0x08006d48       0x3c c:/infineon/tools/dave ide/4.5.0.202105191637/eclipse/arm-gcc-49/bin/../lib/gcc/arm-none-eabi/4.9.3/../../../../arm-none-eabi/lib/armv7e-m/softfp\libg_nano.a(lib_a-fwalk.o)
                0x08006d48                _fwalk_reent
 .text._localeconv_r
                0x08006d84        0x8 c:/infineon/tools/dave ide/4.5.0.202105191637/eclipse/arm-gcc-49/bin/../lib/gcc/arm-none-eabi/4.9.3/../../../../arm-none-eabi/lib/armv7e-m/softfp\libg_nano.a(lib_a-locale.o)
                0x08006d84                _localeconv_r
 .text.__smakebuf_r
                0x08006d8c       0x9c c:/infineon/tools/dave ide/4.5.0.202105191637/eclipse/arm-gcc-49/bin/../lib/gcc/arm-none-eabi/4.9.3/../../../../arm-none-eabi/lib/armv7e-m/softfp\libg_nano.a(lib_a-makebuf.o)
                0x08006d8c                __smakebuf_r
 .text.malloc   0x08006e28       0x10 c:/infineon/tools/dave ide/4.5.0.202105191637/eclipse/arm-gcc-49/bin/../lib/gcc/arm-none-eabi/4.9.3/../../../../arm-none-eabi/lib/armv7e-m/softfp\libg_nano.a(lib_a-malloc.o)
                0x08006e28                malloc
 .text.memchr   0x08006e38       0x1e c:/infineon/tools/dave ide/4.5.0.202105191637/eclipse/arm-gcc-49/bin/../lib/gcc/arm-none-eabi/4.9.3/../../../../arm-none-eabi/lib/armv7e-m/softfp\libg_nano.a(lib_a-memchr.o)
                0x08006e38                memchr
 .text._Balloc  0x08006e56       0x6a c:/infineon/tools/dave ide/4.5.0.202105191637/eclipse/arm-gcc-49/bin/../lib/gcc/arm-none-eabi/4.9.3/../../../../arm-none-eabi/lib/armv7e-m/softfp\libg_nano.a(lib_a-mprec.o)
                0x08006e56                _Balloc
 .text._Bfree   0x08006ec0       0x2e c:/infineon/tools/dave ide/4.5.0.202105191637/eclipse/arm-gcc-49/bin/../lib/gcc/arm-none-eabi/4.9.3/../../../../arm-none-eabi/lib/armv7e-m/softfp\libg_nano.a(lib_a-mprec.o)
                0x08006ec0                _Bfree
 .text.__multadd
                0x08006eee       0x7c c:/infineon/tools/dave ide/4.5.0.202105191637/eclipse/arm-gcc-49/bin/../lib/gcc/arm-none-eabi/4.9.3/../../../../arm-none-eabi/lib/armv7e-m/softfp\libg_nano.a(lib_a-mprec.o)
                0x08006eee                __multadd
 .text.__hi0bits
                0x08006f6a       0x40 c:/infineon/tools/dave ide/4.5.0.202105191637/eclipse/arm-gcc-49/bin/../lib/gcc/arm-none-eabi/4.9.3/../../../../arm-none-eabi/lib/armv7e-m/softfp\libg_nano.a(lib_a-mprec.o)
                0x08006f6a                __hi0bits
 .text.__lo0bits
                0x08006faa       0x5a c:/infineon/tools/dave ide/4.5.0.202105191637/eclipse/arm-gcc-49/bin/../lib/gcc/arm-none-eabi/4.9.3/../../../../arm-none-eabi/lib/armv7e-m/softfp\libg_nano.a(lib_a-mprec.o)
                0x08006faa                __lo0bits
 .text.__i2b    0x08007004       0x12 c:/infineon/tools/dave ide/4.5.0.202105191637/eclipse/arm-gcc-49/bin/../lib/gcc/arm-none-eabi/4.9.3/../../../../arm-none-eabi/lib/armv7e-m/softfp\libg_nano.a(lib_a-mprec.o)
                0x08007004                __i2b
 .text.__multiply
                0x08007016      0x122 c:/infineon/tools/dave ide/4.5.0.202105191637/eclipse/arm-gcc-49/bin/../lib/gcc/arm-none-eabi/4.9.3/../../../../arm-none-eabi/lib/armv7e-m/softfp\libg_nano.a(lib_a-mprec.o)
                0x08007016                __multiply
 .text.__pow5mult
                0x08007138       0x9c c:/infineon/tools/dave ide/4.5.0.202105191637/eclipse/arm-gcc-49/bin/../lib/gcc/arm-none-eabi/4.9.3/../../../../arm-none-eabi/lib/armv7e-m/softfp\libg_nano.a(lib_a-mprec.o)
                0x08007138                __pow5mult
 .text.__lshift
                0x080071d4       0xa6 c:/infineon/tools/dave ide/4.5.0.202105191637/eclipse/arm-gcc-49/bin/../lib/gcc/arm-none-eabi/4.9.3/../../../../arm-none-eabi/lib/armv7e-m/softfp\libg_nano.a(lib_a-mprec.o)
                0x080071d4                __lshift
 .text.__mcmp   0x0800727a       0x38 c:/infineon/tools/dave ide/4.5.0.202105191637/eclipse/arm-gcc-49/bin/../lib/gcc/arm-none-eabi/4.9.3/../../../../arm-none-eabi/lib/armv7e-m/softfp\libg_nano.a(lib_a-mprec.o)
                0x0800727a                __mcmp
 .text.__mdiff  0x080072b2       0xbe c:/infineon/tools/dave ide/4.5.0.202105191637/eclipse/arm-gcc-49/bin/../lib/gcc/arm-none-eabi/4.9.3/../../../../arm-none-eabi/lib/armv7e-m/softfp\libg_nano.a(lib_a-mprec.o)
                0x080072b2                __mdiff
 .text.__d2b    0x08007370       0xa4 c:/infineon/tools/dave ide/4.5.0.202105191637/eclipse/arm-gcc-49/bin/../lib/gcc/arm-none-eabi/4.9.3/../../../../arm-none-eabi/lib/armv7e-m/softfp\libg_nano.a(lib_a-mprec.o)
                0x08007370                __d2b
 .text._calloc_r
                0x08007414       0x1c c:/infineon/tools/dave ide/4.5.0.202105191637/eclipse/arm-gcc-49/bin/../lib/gcc/arm-none-eabi/4.9.3/../../../../arm-none-eabi/lib/armv7e-m/softfp\libg_nano.a(lib_a-nano-callocr.o)
                0x08007414                _calloc_r
 .text._free_r  0x08007430       0x88 c:/infineon/tools/dave ide/4.5.0.202105191637/eclipse/arm-gcc-49/bin/../lib/gcc/arm-none-eabi/4.9.3/../../../../arm-none-eabi/lib/armv7e-m/softfp\libg_nano.a(lib_a-nano-freer.o)
                0x08007430                _free_r
 .text._malloc_r
                0x080074b8       0xac c:/infineon/tools/dave ide/4.5.0.202105191637/eclipse/arm-gcc-49/bin/../lib/gcc/arm-none-eabi/4.9.3/../../../../arm-none-eabi/lib/armv7e-m/softfp\libg_nano.a(lib_a-nano-mallocr.o)
                0x080074b8                _malloc_r
 .text.__ssputs_r
                0x08007564       0xb2 c:/infineon/tools/dave ide/4.5.0.202105191637/eclipse/arm-gcc-49/bin/../lib/gcc/arm-none-eabi/4.9.3/../../../../arm-none-eabi/lib/armv7e-m/softfp\libg_nano.a(lib_a-nano-svfprintf.o)
                0x08007564                __ssputs_r
 *fill*         0x08007616        0x2 
 .text._svfprintf_r
                0x08007618      0x1e4 c:/infineon/tools/dave ide/4.5.0.202105191637/eclipse/arm-gcc-49/bin/../lib/gcc/arm-none-eabi/4.9.3/../../../../arm-none-eabi/lib/armv7e-m/softfp\libg_nano.a(lib_a-nano-svfprintf.o)
                0x08007618                _svfiprintf_r
                0x08007618                _svfprintf_r
 .text._sbrk_r  0x080077fc       0x20 c:/infineon/tools/dave ide/4.5.0.202105191637/eclipse/arm-gcc-49/bin/../lib/gcc/arm-none-eabi/4.9.3/../../../../arm-none-eabi/lib/armv7e-m/softfp\libg_nano.a(lib_a-sbrkr.o)
                0x080077fc                _sbrk_r
 .text.__sread  0x0800781c       0x22 c:/infineon/tools/dave ide/4.5.0.202105191637/eclipse/arm-gcc-49/bin/../lib/gcc/arm-none-eabi/4.9.3/../../../../arm-none-eabi/lib/armv7e-m/softfp\libg_nano.a(lib_a-stdio.o)
                0x0800781c                __sread
 .text.__swrite
                0x0800783e       0x38 c:/infineon/tools/dave ide/4.5.0.202105191637/eclipse/arm-gcc-49/bin/../lib/gcc/arm-none-eabi/4.9.3/../../../../arm-none-eabi/lib/armv7e-m/softfp\libg_nano.a(lib_a-stdio.o)
                0x0800783e                __swrite
 .text.__sseek  0x08007876       0x24 c:/infineon/tools/dave ide/4.5.0.202105191637/eclipse/arm-gcc-49/bin/../lib/gcc/arm-none-eabi/4.9.3/../../../../arm-none-eabi/lib/armv7e-m/softfp\libg_nano.a(lib_a-stdio.o)
                0x08007876                __sseek
 .text.__sclose
                0x0800789a        0x8 c:/infineon/tools/dave ide/4.5.0.202105191637/eclipse/arm-gcc-49/bin/../lib/gcc/arm-none-eabi/4.9.3/../../../../arm-none-eabi/lib/armv7e-m/softfp\libg_nano.a(lib_a-stdio.o)
                0x0800789a                __sclose
 *fill*         0x080078a2        0x2 
 .text._write_r
                0x080078a4       0x24 c:/infineon/tools/dave ide/4.5.0.202105191637/eclipse/arm-gcc-49/bin/../lib/gcc/arm-none-eabi/4.9.3/../../../../arm-none-eabi/lib/armv7e-m/softfp\libg_nano.a(lib_a-writer.o)
                0x080078a4                _write_r
 .text._close_r
                0x080078c8       0x20 c:/infineon/tools/dave ide/4.5.0.202105191637/eclipse/arm-gcc-49/bin/../lib/gcc/arm-none-eabi/4.9.3/../../../../arm-none-eabi/lib/armv7e-m/softfp\libg_nano.a(lib_a-closer.o)
                0x080078c8                _close_r
 .text._fstat_r
                0x080078e8       0x24 c:/infineon/tools/dave ide/4.5.0.202105191637/eclipse/arm-gcc-49/bin/../lib/gcc/arm-none-eabi/4.9.3/../../../../arm-none-eabi/lib/armv7e-m/softfp\libg_nano.a(lib_a-fstatr.o)
                0x080078e8                _fstat_r
 .text._isatty_r
                0x0800790c       0x20 c:/infineon/tools/dave ide/4.5.0.202105191637/eclipse/arm-gcc-49/bin/../lib/gcc/arm-none-eabi/4.9.3/../../../../arm-none-eabi/lib/armv7e-m/softfp\libg_nano.a(lib_a-isattyr.o)
                0x0800790c                _isatty_r
 .text._lseek_r
                0x0800792c       0x24 c:/infineon/tools/dave ide/4.5.0.202105191637/eclipse/arm-gcc-49/bin/../lib/gcc/arm-none-eabi/4.9.3/../../../../arm-none-eabi/lib/armv7e-m/softfp\libg_nano.a(lib_a-lseekr.o)
                0x0800792c                _lseek_r
 .text.memmove  0x08007950       0x36 c:/infineon/tools/dave ide/4.5.0.202105191637/eclipse/arm-gcc-49/bin/../lib/gcc/arm-none-eabi/4.9.3/../../../../arm-none-eabi/lib/armv7e-m/softfp\libg_nano.a(lib_a-memmove.o)
                0x08007950                memmove
 .text._realloc_r
                0x08007986       0x4c c:/infineon/tools/dave ide/4.5.0.202105191637/eclipse/arm-gcc-49/bin/../lib/gcc/arm-none-eabi/4.9.3/../../../../arm-none-eabi/lib/armv7e-m/softfp\libg_nano.a(lib_a-nano-reallocr.o)
                0x08007986                _realloc_r
 *fill*         0x080079d2        0x2 
 .text._read_r  0x080079d4       0x24 c:/infineon/tools/dave ide/4.5.0.202105191637/eclipse/arm-gcc-49/bin/../lib/gcc/arm-none-eabi/4.9.3/../../../../arm-none-eabi/lib/armv7e-m/softfp\libg_nano.a(lib_a-readr.o)
                0x080079d4                _read_r
 .text._malloc_usable_size_r
                0x080079f8       0x14 c:/infineon/tools/dave ide/4.5.0.202105191637/eclipse/arm-gcc-49/bin/../lib/gcc/arm-none-eabi/4.9.3/../../../../arm-none-eabi/lib/armv7e-m/softfp\libg_nano.a(lib_a-nano-msizer.o)
                0x080079f8                _malloc_usable_size_r
 .text          0x08007a0c      0x370 c:/infineon/tools/dave ide/4.5.0.202105191637/eclipse/arm-gcc-49/bin/../lib/gcc/arm-none-eabi/4.9.3/armv7e-m/softfp\libgcc.a(_arm_addsubdf3.o)
                0x08007a0c                __aeabi_drsub
                0x08007a14                __aeabi_dsub
                0x08007a14                __subdf3
                0x08007a18                __aeabi_dadd
                0x08007a18                __adddf3
                0x08007c90                __floatunsidf
                0x08007c90                __aeabi_ui2d
                0x08007cb0                __floatsidf
                0x08007cb0                __aeabi_i2d
                0x08007cd4                __aeabi_f2d
                0x08007cd4                __extendsfdf2
                0x08007d10                __floatundidf
                0x08007d10                __aeabi_ul2d
                0x08007d20                __floatdidf
                0x08007d20                __aeabi_l2d
 .text          0x08007d7c      0x424 c:/infineon/tools/dave ide/4.5.0.202105191637/eclipse/arm-gcc-49/bin/../lib/gcc/arm-none-eabi/4.9.3/armv7e-m/softfp\libgcc.a(_arm_muldivdf3.o)
                0x08007d7c                __aeabi_dmul
                0x08007d7c                __muldf3
                0x08007fd0                __divdf3
                0x08007fd0                __aeabi_ddiv
 .text          0x080081a0      0x110 c:/infineon/tools/dave ide/4.5.0.202105191637/eclipse/arm-gcc-49/bin/../lib/gcc/arm-none-eabi/4.9.3/armv7e-m/softfp\libgcc.a(_arm_cmpdf2.o)
                0x080081a0                __gtdf2
                0x080081a0                __gedf2
                0x080081a8                __ltdf2
                0x080081a8                __ledf2
                0x080081b0                __nedf2
                0x080081b0                __eqdf2
                0x080081b0                __cmpdf2
                0x0800822c                __aeabi_cdrcmple
                0x0800823c                __aeabi_cdcmpeq
                0x0800823c                __aeabi_cdcmple
                0x0800824c                __aeabi_dcmpeq
                0x08008260                __aeabi_dcmplt
                0x08008274                __aeabi_dcmple
                0x08008288                __aeabi_dcmpge
                0x0800829c                __aeabi_dcmpgt
 .text          0x080082b0       0x50 c:/infineon/tools/dave ide/4.5.0.202105191637/eclipse/arm-gcc-49/bin/../lib/gcc/arm-none-eabi/4.9.3/armv7e-m/softfp\libgcc.a(_arm_fixdfsi.o)
                0x080082b0                __aeabi_d2iz
                0x080082b0                __fixdfsi
 .text.findslot
                0x08008300       0x34 c:/infineon/tools/dave ide/4.5.0.202105191637/eclipse/arm-gcc-49/bin/../lib/gcc/arm-none-eabi/4.9.3/../../../../arm-none-eabi/lib/armv7e-m/softfp\librdimon_nano.a(rdimon-syscalls.o)
 .text.error    0x08008334       0x1c c:/infineon/tools/dave ide/4.5.0.202105191637/eclipse/arm-gcc-49/bin/../lib/gcc/arm-none-eabi/4.9.3/../../../../arm-none-eabi/lib/armv7e-m/softfp\librdimon_nano.a(rdimon-syscalls.o)
 .text.checkerror
                0x08008350        0xa c:/infineon/tools/dave ide/4.5.0.202105191637/eclipse/arm-gcc-49/bin/../lib/gcc/arm-none-eabi/4.9.3/../../../../arm-none-eabi/lib/armv7e-m/softfp\librdimon_nano.a(rdimon-syscalls.o)
 .text._swiread
                0x0800835a       0x20 c:/infineon/tools/dave ide/4.5.0.202105191637/eclipse/arm-gcc-49/bin/../lib/gcc/arm-none-eabi/4.9.3/../../../../arm-none-eabi/lib/armv7e-m/softfp\librdimon_nano.a(rdimon-syscalls.o)
                0x0800835a                _swiread
 .text._read    0x0800837a       0x34 c:/infineon/tools/dave ide/4.5.0.202105191637/eclipse/arm-gcc-49/bin/../lib/gcc/arm-none-eabi/4.9.3/../../../../arm-none-eabi/lib/armv7e-m/softfp\librdimon_nano.a(rdimon-syscalls.o)
                0x0800837a                _read
 .text._swilseek
                0x080083ae       0x7a c:/infineon/tools/dave ide/4.5.0.202105191637/eclipse/arm-gcc-49/bin/../lib/gcc/arm-none-eabi/4.9.3/../../../../arm-none-eabi/lib/armv7e-m/softfp\librdimon_nano.a(rdimon-syscalls.o)
                0x080083ae                _swilseek
 .text._lseek   0x08008428        0x4 c:/infineon/tools/dave ide/4.5.0.202105191637/eclipse/arm-gcc-49/bin/../lib/gcc/arm-none-eabi/4.9.3/../../../../arm-none-eabi/lib/armv7e-m/softfp\librdimon_nano.a(rdimon-syscalls.o)
                0x08008428                _lseek
 .text._swiwrite
                0x0800842c       0x20 c:/infineon/tools/dave ide/4.5.0.202105191637/eclipse/arm-gcc-49/bin/../lib/gcc/arm-none-eabi/4.9.3/../../../../arm-none-eabi/lib/armv7e-m/softfp\librdimon_nano.a(rdimon-syscalls.o)
                0x0800842c                _swiwrite
 .text._write   0x0800844c       0x42 c:/infineon/tools/dave ide/4.5.0.202105191637/eclipse/arm-gcc-49/bin/../lib/gcc/arm-none-eabi/4.9.3/../../../../arm-none-eabi/lib/armv7e-m/softfp\librdimon_nano.a(rdimon-syscalls.o)
                0x0800844c                _write
 .text._swiclose
                0x0800848e       0x1c c:/infineon/tools/dave ide/4.5.0.202105191637/eclipse/arm-gcc-49/bin/../lib/gcc/arm-none-eabi/4.9.3/../../../../arm-none-eabi/lib/armv7e-m/softfp\librdimon_nano.a(rdimon-syscalls.o)
                0x0800848e                _swiclose
 *fill*         0x080084aa        0x2 
 .text._close   0x080084ac       0x48 c:/infineon/tools/dave ide/4.5.0.202105191637/eclipse/arm-gcc-49/bin/../lib/gcc/arm-none-eabi/4.9.3/../../../../arm-none-eabi/lib/armv7e-m/softfp\librdimon_nano.a(rdimon-syscalls.o)
                0x080084ac                _close
 .text._swistat
                0x080084f4       0x42 c:/infineon/tools/dave ide/4.5.0.202105191637/eclipse/arm-gcc-49/bin/../lib/gcc/arm-none-eabi/4.9.3/../../../../arm-none-eabi/lib/armv7e-m/softfp\librdimon_nano.a(rdimon-syscalls.o)
                0x080084f4                _swistat
 .text._fstat   0x08008536       0x1c c:/infineon/tools/dave ide/4.5.0.202105191637/eclipse/arm-gcc-49/bin/../lib/gcc/arm-none-eabi/4.9.3/../../../../arm-none-eabi/lib/armv7e-m/softfp\librdimon_nano.a(rdimon-syscalls.o)
                0x08008536                _fstat
 .text._isatty  0x08008552       0x38 c:/infineon/tools/dave ide/4.5.0.202105191637/eclipse/arm-gcc-49/bin/../lib/gcc/arm-none-eabi/4.9.3/../../../../arm-none-eabi/lib/armv7e-m/softfp\librdimon_nano.a(rdimon-syscalls.o)
                0x08008552                _isatty
 *(.init)
 *(.fini)
 *crtbegin.o(.ctors)
 *crtbegin?.o(.ctors)
 *(EXCLUDE_FILE(*crtend.o *crtend?.o) .ctors)
 *(SORT(.ctors.*))
 *(.ctors)
 *crtbegin.o(.dtors)
 *crtbegin?.o(.dtors)
 *(EXCLUDE_FILE(*crtend.o *crtend?.o) .dtors)
 *(SORT(.dtors.*))
 *(.dtors)
 *(.rodata .rodata.*)
 *fill*         0x0800858a        0x2 
 .rodata.Driver_USBD0
                0x0800858c       0x40 ./Libraries/XMCLib/src/xmc_usbd.o
                0x0800858c                Driver_USBD0
 .rodata.device_descriptor
                0x080085cc       0x14 ./Dave/Generated/USBD_VCOM/virtual_com/descriptors.o
                0x080085cc                device_descriptor
 .rodata.configuration_descriptor
                0x080085e0       0x40 ./Dave/Generated/USBD_VCOM/virtual_com/descriptors.o
                0x080085e0                configuration_descriptor
 .rodata.language_string
                0x08008620       0x68 ./Dave/Generated/USBD_VCOM/virtual_com/descriptors.o
                0x08008620                language_string
 .rodata.manufacturer_string
                0x08008688       0x68 ./Dave/Generated/USBD_VCOM/virtual_com/descriptors.o
                0x08008688                manufacturer_string
 .rodata.product_string
                0x080086f0       0x68 ./Dave/Generated/USBD_VCOM/virtual_com/descriptors.o
                0x080086f0                product_string
 .rodata.DIGITAL_IO_0
                0x08008758       0x14 ./Dave/Generated/DIGITAL_IO/digital_io_conf.o
                0x08008758                DIGITAL_IO_0
 .rodata.button
                0x0800876c       0x14 ./Dave/Generated/DIGITAL_IO/digital_io_conf.o
                0x0800876c                button
 .rodata.mpu_table
                0x08008780       0x40 ./Dave/Generated/CPU_CTRL_XMC4/cpu_ctrl_xmc4_conf.o
                0x08008780                mpu_table
 .rodata        0x080087c0       0x14 ./Dave/Generated/CLOCK_XMC4/clock_xmc4_conf.o
 .rodata.BUS_IO_0_pin_list
                0x080087d4       0x20 ./Dave/Generated/BUS_IO/bus_io_conf.o
                0x080087d4                BUS_IO_0_pin_list
 .rodata        0x080087f4       0x30 ./main.o
 .rodata.str1.1
                0x08008824        0x2 c:/infineon/tools/dave ide/4.5.0.202105191637/eclipse/arm-gcc-49/bin/../lib/gcc/arm-none-eabi/4.9.3/../../../../arm-none-eabi/lib/armv7e-m/softfp\libg_nano.a(lib_a-impure.o)
 *fill*         0x08008826        0x2 
 .rodata._global_impure_ptr
                0x08008828        0x4 c:/infineon/tools/dave ide/4.5.0.202105191637/eclipse/arm-gcc-49/bin/../lib/gcc/arm-none-eabi/4.9.3/../../../../arm-none-eabi/lib/armv7e-m/softfp\libg_nano.a(lib_a-impure.o)
                0x08008828                _global_impure_ptr
 .rodata.str1.1
                0x0800882c       0x12 c:/infineon/tools/dave ide/4.5.0.202105191637/eclipse/arm-gcc-49/bin/../lib/gcc/arm-none-eabi/4.9.3/../../../../arm-none-eabi/lib/armv7e-m/softfp\libg_nano.a(lib_a-nano-vfprintf_float.o)
 .rodata.str1.1
                0x0800883e       0x22 c:/infineon/tools/dave ide/4.5.0.202105191637/eclipse/arm-gcc-49/bin/../lib/gcc/arm-none-eabi/4.9.3/../../../../arm-none-eabi/lib/armv7e-m/softfp\libg_nano.a(lib_a-nano-vfprintf_i.o)
 .rodata.str1.1
                0x08008860        0xd c:/infineon/tools/dave ide/4.5.0.202105191637/eclipse/arm-gcc-49/bin/../lib/gcc/arm-none-eabi/4.9.3/../../../../arm-none-eabi/lib/armv7e-m/softfp\libg_nano.a(lib_a-dtoa.o)
                                  0xf (size before relaxing)
 *fill*         0x0800886d        0x3 
 .rodata.__sf_fake_stdin
                0x08008870       0x20 c:/infineon/tools/dave ide/4.5.0.202105191637/eclipse/arm-gcc-49/bin/../lib/gcc/arm-none-eabi/4.9.3/../../../../arm-none-eabi/lib/armv7e-m/softfp\libg_nano.a(lib_a-findfp.o)
                0x08008870                __sf_fake_stdin
 .rodata.__sf_fake_stdout
                0x08008890       0x20 c:/infineon/tools/dave ide/4.5.0.202105191637/eclipse/arm-gcc-49/bin/../lib/gcc/arm-none-eabi/4.9.3/../../../../arm-none-eabi/lib/armv7e-m/softfp\libg_nano.a(lib_a-findfp.o)
                0x08008890                __sf_fake_stdout
 .rodata.__sf_fake_stderr
                0x080088b0       0x20 c:/infineon/tools/dave ide/4.5.0.202105191637/eclipse/arm-gcc-49/bin/../lib/gcc/arm-none-eabi/4.9.3/../../../../arm-none-eabi/lib/armv7e-m/softfp\libg_nano.a(lib_a-findfp.o)
                0x080088b0                __sf_fake_stderr
 .rodata.str1.1
                0x080088d0        0x8 c:/infineon/tools/dave ide/4.5.0.202105191637/eclipse/arm-gcc-49/bin/../lib/gcc/arm-none-eabi/4.9.3/../../../../arm-none-eabi/lib/armv7e-m/softfp\libg_nano.a(lib_a-locale.o)
                                  0xb (size before relaxing)
 .rodata.__mprec_tens
                0x080088d8       0xc8 c:/infineon/tools/dave ide/4.5.0.202105191637/eclipse/arm-gcc-49/bin/../lib/gcc/arm-none-eabi/4.9.3/../../../../arm-none-eabi/lib/armv7e-m/softfp\libg_nano.a(lib_a-mprec.o)
                0x080088d8                __mprec_tens
 .rodata.__mprec_bigtens
                0x080089a0       0x28 c:/infineon/tools/dave ide/4.5.0.202105191637/eclipse/arm-gcc-49/bin/../lib/gcc/arm-none-eabi/4.9.3/../../../../arm-none-eabi/lib/armv7e-m/softfp\libg_nano.a(lib_a-mprec.o)
                0x080089a0                __mprec_bigtens
 .rodata.p05.5277
                0x080089c8        0xc c:/infineon/tools/dave ide/4.5.0.202105191637/eclipse/arm-gcc-49/bin/../lib/gcc/arm-none-eabi/4.9.3/../../../../arm-none-eabi/lib/armv7e-m/softfp\libg_nano.a(lib_a-mprec.o)
 .rodata.str1.1
                0x080089d4       0x11 c:/infineon/tools/dave ide/4.5.0.202105191637/eclipse/arm-gcc-49/bin/../lib/gcc/arm-none-eabi/4.9.3/../../../../arm-none-eabi/lib/armv7e-m/softfp\libg_nano.a(lib_a-nano-svfprintf.o)
 *(.gnu.linkonce.r*)
 *(vtable)
                0x080089e8                . = ALIGN (0x4)
 *fill*         0x080089e5        0x3 

.glue_7         0x080089e8        0x0 load address 0x0c0089e8
 .glue_7        0x00000000        0x0 linker stubs

.glue_7t        0x080089e8        0x0 load address 0x0c0089e8
 .glue_7t       0x00000000        0x0 linker stubs

.vfp11_veneer   0x080089e8        0x0 load address 0x0c0089e8
 .vfp11_veneer  0x00000000        0x0 linker stubs

.v4_bx          0x080089e8        0x0 load address 0x0c0089e8
 .v4_bx         0x00000000        0x0 linker stubs

.iplt           0x080089e8        0x0 load address 0x0c0089e8
 .iplt          0x00000000        0x0 ./Startup/startup_XMC4800.o

.eh_frame_hdr
 *(.eh_frame_hdr)

.eh_frame       0x080089e8        0x0 load address 0x0c0089e8
 *(.eh_frame)
 .eh_frame      0x080089e8        0x0 c:/infineon/tools/dave ide/4.5.0.202105191637/eclipse/arm-gcc-49/bin/../lib/gcc/arm-none-eabi/4.9.3/../../../../arm-none-eabi/lib/armv7e-m/softfp\libg_nano.a(lib_a-strcmp.o)
                                 0x28 (size before relaxing)

.rel.dyn        0x080089e8        0x0 load address 0x0c0089e8
 .rel.iplt      0x00000000        0x0 ./Startup/startup_XMC4800.o

.ARM.extab
 *(.ARM.extab* .gnu.linkonce.armextab.*)
                0x080089e8                . = ALIGN (0x4)
                0x080089e8                __exidx_start = .

.ARM.exidx
 *(.ARM.exidx* .gnu.linkonce.armexidx.*)
                0x080089e8                __exidx_end = .
                0x080089e8                . = ALIGN (0x4)

Stack           0x1ffe8000      0x800
                0x1ffe8000                __stack_start = .
                0x1ffe8800                . = (. + stack_size)
 *fill*         0x1ffe8000      0x800 
                0x1ffe8800                __stack_end = .
                0x1ffe8800                __initial_sp = .

.ram_code       0x1ffe8800        0x0 load address 0x0c0089e8
                0x1ffe8800                . = ALIGN (0x4)
                0x1ffe8800                __ram_code_start = .
 *(.ram_code)
                0x1ffe8800                . = ALIGN (0x4)
                0x1ffe8800                __ram_code_end = .
                0x0c0089e8                __ram_code_load = LOADADDR (.ram_code)
                0x00000000                __ram_code_size = (__ram_code_end - __ram_code_start)

.data           0x1ffe8800      0x100 load address 0x0c0089e8
                0x1ffe8800                . = ALIGN (0x4)
                0x1ffe8800                __data_start = .
 *(.data)
 *(.data*)
 .data.usbd_vcom_events
                0x1ffe8800       0x28 ./Dave/Generated/USBD_VCOM/usbd_vcom.o
                0x1ffe8800                usbd_vcom_events
 .data.cdc_class_events
                0x1ffe8828        0xc ./Dave/Generated/USBD_VCOM/usbd_vcom.o
                0x1ffe8828                cdc_class_events
 .data.USBD_VCOM_handle
                0x1ffe8834        0x4 ./Dave/Generated/USBD_VCOM/usbd_vcom_conf.o
                0x1ffe8834                USBD_VCOM_handle
 .data.USBD_0   0x1ffe8838       0x14 ./Dave/Generated/USBD/usbd_conf.o
                0x1ffe8838                USBD_0
 .data.USBD_handle
                0x1ffe884c        0x4 ./Dave/Generated/USBD/usbd_conf.o
                0x1ffe884c                USBD_handle
 .data.BUS_IO_0
                0x1ffe8850       0x14 ./Dave/Generated/BUS_IO/bus_io_conf.o
                0x1ffe8850                BUS_IO_0
 .data.impure_data
                0x1ffe8864       0x60 c:/infineon/tools/dave ide/4.5.0.202105191637/eclipse/arm-gcc-49/bin/../lib/gcc/arm-none-eabi/4.9.3/../../../../arm-none-eabi/lib/armv7e-m/softfp\libg_nano.a(lib_a-impure.o)
 .data._impure_ptr
                0x1ffe88c4        0x4 c:/infineon/tools/dave ide/4.5.0.202105191637/eclipse/arm-gcc-49/bin/../lib/gcc/arm-none-eabi/4.9.3/../../../../arm-none-eabi/lib/armv7e-m/softfp\libg_nano.a(lib_a-impure.o)
                0x1ffe88c4                _impure_ptr
 .data.lconv    0x1ffe88c8       0x38 c:/infineon/tools/dave ide/4.5.0.202105191637/eclipse/arm-gcc-49/bin/../lib/gcc/arm-none-eabi/4.9.3/../../../../arm-none-eabi/lib/armv7e-m/softfp\libg_nano.a(lib_a-locale.o)
 *(*.data)
 *(.gnu.linkonce.d*)
                0x1ffe8900                . = ALIGN (0x4)
                0x1ffe8900                PROVIDE (__preinit_array_start, .)
 *(.preinit_array)
                0x1ffe8900                PROVIDE (__preinit_array_end, .)
                0x1ffe8900                . = ALIGN (0x4)
                0x1ffe8900                PROVIDE (__init_array_start, .)
 *(SORT(.init_array.*))
 *(.init_array)
                0x1ffe8900                PROVIDE (__init_array_end, .)
                0x1ffe8900                . = ALIGN (0x4)
                0x1ffe8900                PROVIDE (__fini_array_start, .)
 *(SORT(.fini_array.*))
 *(.fini_array)
                0x1ffe8900                PROVIDE (__fini_array_end, .)
                0x1ffe8900                . = ALIGN (0x4)
                0x1ffe8900                __data_end = .
                0x0c0089e8                __data_load = LOADADDR (.data)
                0x00000100                __data_size = (__data_end - __data_start)
                0x00008ae8                __text_size = (((__exidx_end - sText) + __data_size) + __ram_code_size)
                0x08008ae8                eText = (sText + __text_size)

.igot.plt       0x1ffe8900        0x0 load address 0x0c008ae8
 .igot.plt      0x00000000        0x0 ./Startup/startup_XMC4800.o

.bss            0x1ffe8900      0x798 load address 0x0c008ae8
                0x1ffe8900                . = ALIGN (0x4)
                0x1ffe8900                __bss_start = .
 *(.bss)
 *(.bss*)
 .bss.XMC_USBD_EP_OUT_BUFFERSIZE
                0x1ffe8900       0x1c ./Libraries/XMCLib/src/xmc_usbd.o
 .bss.XMC_USBD_EP_IN_BUFFERSIZE
                0x1ffe891c       0x1c ./Libraries/XMCLib/src/xmc_usbd.o
 .bss.usbd_init
                0x1ffe8938        0x4 ./Libraries/XMCLib/src/xmc_usbd.o
 .bss.heap_ptr.4331
                0x1ffe893c        0x4 ./Libraries/Newlib/syscalls.o
 .bss.USB_VCOM  0x1ffe8940        0x4 ./Dave/Generated/USBD_VCOM/usbd_vcom_conf.o
                0x1ffe8940                USB_VCOM
 .bss.usb_event_cb
                0x1ffe8944       0x28 ./Dave/Generated/USBD/usbd_conf.o
                0x1ffe8944                usb_event_cb
 .bss.CLOCK_XMC4_0
                0x1ffe896c        0x4 ./Dave/Generated/CLOCK_XMC4/clock_xmc4_conf.o
                0x1ffe896c                CLOCK_XMC4_0
 .bss.rx_buffer
                0x1ffe8970       0x40 ./main.o
                0x1ffe8970                rx_buffer
 .bss.__malloc_sbrk_start
                0x1ffe89b0        0x4 c:/infineon/tools/dave ide/4.5.0.202105191637/eclipse/arm-gcc-49/bin/../lib/gcc/arm-none-eabi/4.9.3/../../../../arm-none-eabi/lib/armv7e-m/softfp\libg_nano.a(lib_a-nano-mallocr.o)
                0x1ffe89b0                __malloc_sbrk_start
 .bss.__malloc_free_list
                0x1ffe89b4        0x4 c:/infineon/tools/dave ide/4.5.0.202105191637/eclipse/arm-gcc-49/bin/../lib/gcc/arm-none-eabi/4.9.3/../../../../arm-none-eabi/lib/armv7e-m/softfp\libg_nano.a(lib_a-nano-mallocr.o)
                0x1ffe89b4                __malloc_free_list
 .bss.openfiles
                0x1ffe89b8       0xa0 c:/infineon/tools/dave ide/4.5.0.202105191637/eclipse/arm-gcc-49/bin/../lib/gcc/arm-none-eabi/4.9.3/../../../../arm-none-eabi/lib/armv7e-m/softfp\librdimon_nano.a(rdimon-syscalls.o)
 *(COMMON)
 COMMON         0x1ffe8a58      0x208 ./Libraries/XMCLib/src/xmc_usbd.o
                0x1ffe8a58                xmc_device
 COMMON         0x1ffe8c60       0xe4 ./Dave/Generated/USBD_VCOM/usbd_vcom.o
                0x1ffe8c60                tx_ep_buf
                0x1ffe8ca0                cdc_event_flags
                0x1ffe8ca4                notification_ep_buf
                0x1ffe8ce4                rx_ep_buf
                0x1ffe8d24                USBD_VCOM_cdc_interface
 COMMON         0x1ffe8d44        0xc ./Dave/Generated/USBD/usb/core/usb_task.o
                0x1ffe8d44                USB_IsInitialized
                0x1ffe8d45                USB_DeviceState
                0x1ffe8d48                USB_ControlRequest
 COMMON         0x1ffe8d50      0x344 ./Dave/Generated/USBD/usbd.o
                0x1ffe8d50                endpoint0_in_buffer
                0x1ffe8e50                endpoint0_out_buffer
                0x1ffe8f50                device
 COMMON         0x1ffe9094        0x4 c:/infineon/tools/dave ide/4.5.0.202105191637/eclipse/arm-gcc-49/bin/../lib/gcc/arm-none-eabi/4.9.3/../../../../arm-none-eabi/lib/armv7e-m/softfp\libg_nano.a(lib_a-reent.o)
                0x1ffe9094                errno
 *(.gnu.linkonce.b*)
                0x1ffe9098                . = ALIGN (0x4)
                0x1ffe9098                __bss_end = .
                0x00000798                __bss_size = (__bss_end - __bss_start)
                0x00016f68                __shift_loc = (__bss_end >= ORIGIN (DSRAM_1_system))?0x0:(ORIGIN (DSRAM_1_system) - __bss_end)

USB_RAM         0x20000000      0xe00
                0x20000000                . = ALIGN (0x4)
                0x20000000                USB_RAM_start = .
 *(USB_RAM)
 USB_RAM        0x20000000      0xe00 ./Libraries/XMCLib/src/xmc_usbd.o
                0x20000e00                . = ALIGN (0x4)
                0x20000e00                USB_RAM_end = .
                0x00000e00                USB_RAM_size = (USB_RAM_end - USB_RAM_start)

ETH_RAM         0x20000e00        0x0
                0x20000e00                . = ALIGN (0x4)
                0x20000e00                ETH_RAM_start = .
 *(ETH_RAM)
                0x20000e00                . = ALIGN (0x4)
                0x20000e00                ETH_RAM_end = .
                0x20000e00                . = ALIGN (0x8)
                0x20000e00                Heap_Bank1_Start = .
                0x00000000                ETH_RAM_size = (ETH_RAM_end - ETH_RAM_start)

.no_init        0x2003ffc0       0x14
                0x2003ffc0                Heap_Bank1_End = .
 *(.no_init)
 .no_init       0x2003ffc0       0x14 ./Startup/system_XMC4800.o
                0x2003ffc0                SystemCoreClock
                0x2003ffc4                g_chipid
                0x0003f1c0                Heap_Bank1_Size = (Heap_Bank1_End - Heap_Bank1_Start)
                0x00000001                ASSERT ((Heap_Bank1_Start <= Heap_Bank1_End), region SRAM_combined overflowed no_init section)

/DISCARD/
 *(.comment)

.stab
 *(.stab)

.stabstr
 *(.stabstr)

.debug
 *(.debug)

.line
 *(.line)

.debug_srcinfo
 *(.debug_srcinfo)

.debug_sfnames
 *(.debug_sfnames)

.debug_aranges  0x00000000      0xb90
 *(.debug_aranges)
 .debug_aranges
                0x00000000       0x20 ./Startup/startup_XMC4800.o
 .debug_aranges
                0x00000020       0x48 ./Startup/system_XMC4800.o
 .debug_aranges
                0x00000068       0x28 ./Libraries/XMCLib/src/xmc4_gpio.o
 .debug_aranges
                0x00000090      0x3f8 ./Libraries/XMCLib/src/xmc4_scu.o
 .debug_aranges
                0x00000488       0x28 ./Libraries/XMCLib/src/xmc_gpio.o
 .debug_aranges
                0x000004b0      0x158 ./Libraries/XMCLib/src/xmc_usbd.o
 .debug_aranges
                0x00000608       0x28 ./Libraries/Newlib/syscalls.o
 .debug_aranges
                0x00000630       0x20 ./Dave/Generated/USBD_VCOM/virtual_com/descriptors.o
 .debug_aranges
                0x00000650       0xa0 ./Dave/Generated/USBD_VCOM/class_driver/device/cdc_class_device.o
 .debug_aranges
                0x000006f0       0xc8 ./Dave/Generated/USBD_VCOM/usbd_vcom.o
 .debug_aranges
                0x000007b8       0x18 ./Dave/Generated/USBD_VCOM/usbd_vcom_conf.o
 .debug_aranges
                0x000007d0       0x68 ./Dave/Generated/USBD/usb/core/xmc4000/usbd_endpoint_stream_xmc4000.o
 .debug_aranges
                0x00000838       0x98 ./Dave/Generated/USBD/usb/core/xmc4000/usbd_endpoint_xmc4000.o
 .debug_aranges
                0x000008d0       0x18 ./Dave/Generated/USBD/usb/core/usb_task.o
 .debug_aranges
                0x000008e8       0xc8 ./Dave/Generated/USBD/usbd.o
 .debug_aranges
                0x000009b0       0x18 ./Dave/Generated/USBD/usbd_conf.o
 .debug_aranges
                0x000009c8       0x28 ./Dave/Generated/DIGITAL_IO/digital_io.o
 .debug_aranges
                0x000009f0       0x18 ./Dave/Generated/DIGITAL_IO/digital_io_conf.o
 .debug_aranges
                0x00000a08       0x40 ./Dave/Generated/CPU_CTRL_XMC4/cpu_ctrl_xmc4_conf.o
 .debug_aranges
                0x00000a48       0x38 ./Dave/Generated/CLOCK_XMC4/clock_xmc4.o
 .debug_aranges
                0x00000a80       0x28 ./Dave/Generated/CLOCK_XMC4/clock_xmc4_conf.o
 .debug_aranges
                0x00000aa8       0x60 ./Dave/Generated/BUS_IO/bus_io.o
 .debug_aranges
                0x00000b08       0x18 ./Dave/Generated/BUS_IO/bus_io_conf.o
 .debug_aranges
                0x00000b20       0x20 ./Dave/Generated/DAVE.o
 .debug_aranges
                0x00000b40       0x50 ./main.o

.debug_pubnames
 *(.debug_pubnames)

.debug_pubtypes
 *(.debug_pubtypes)

.debug_info     0x00000000    0x1b730
 *(.debug_info .gnu.linkonce.wi.*)
 .debug_info    0x00000000       0x96 ./Startup/startup_XMC4800.o
 .debug_info    0x00000096      0x93f ./Startup/system_XMC4800.o
 .debug_info    0x000009d5      0x49b ./Libraries/XMCLib/src/xmc4_gpio.o
 .debug_info    0x00000e70     0x2132 ./Libraries/XMCLib/src/xmc4_scu.o
 .debug_info    0x00002fa2      0x41c ./Libraries/XMCLib/src/xmc_gpio.o
 .debug_info    0x000033be     0x34bf ./Libraries/XMCLib/src/xmc_usbd.o
 .debug_info    0x0000687d      0x10c ./Libraries/Newlib/syscalls.o
 .debug_info    0x00006989     0x1ad9 ./Dave/Generated/USBD_VCOM/virtual_com/descriptors.o
 .debug_info    0x00008462     0x1b40 ./Dave/Generated/USBD_VCOM/class_driver/device/cdc_class_device.o
 .debug_info    0x00009fa2     0x2143 ./Dave/Generated/USBD_VCOM/usbd_vcom.o
 .debug_info    0x0000c0e5     0x154b ./Dave/Generated/USBD_VCOM/usbd_vcom_conf.o
 .debug_info    0x0000d630     0x1963 ./Dave/Generated/USBD/usb/core/xmc4000/usbd_endpoint_stream_xmc4000.o
 .debug_info    0x0000ef93     0x1d46 ./Dave/Generated/USBD/usb/core/xmc4000/usbd_endpoint_xmc4000.o
 .debug_info    0x00010cd9     0x1594 ./Dave/Generated/USBD/usb/core/usb_task.o
 .debug_info    0x0001226d     0x20de ./Dave/Generated/USBD/usbd.o
 .debug_info    0x0001434b     0x1570 ./Dave/Generated/USBD/usbd_conf.o
 .debug_info    0x000158bb      0x547 ./Dave/Generated/DIGITAL_IO/digital_io.o
 .debug_info    0x00015e02      0x4a6 ./Dave/Generated/DIGITAL_IO/digital_io_conf.o
 .debug_info    0x000162a8      0xabf ./Dave/Generated/CPU_CTRL_XMC4/cpu_ctrl_xmc4_conf.o
 .debug_info    0x00016d67      0x2a7 ./Dave/Generated/CLOCK_XMC4/clock_xmc4.o
 .debug_info    0x0001700e      0x5dd ./Dave/Generated/CLOCK_XMC4/clock_xmc4_conf.o
 .debug_info    0x000175eb      0x73b ./Dave/Generated/BUS_IO/bus_io.o
 .debug_info    0x00017d26      0x4c4 ./Dave/Generated/BUS_IO/bus_io_conf.o
 .debug_info    0x000181ea     0x1943 ./Dave/Generated/DAVE.o
 .debug_info    0x00019b2d     0x1c03 ./main.o

.debug_abbrev   0x00000000     0x38a8
 *(.debug_abbrev)
 .debug_abbrev  0x00000000       0x14 ./Startup/startup_XMC4800.o
 .debug_abbrev  0x00000014      0x20d ./Startup/system_XMC4800.o
 .debug_abbrev  0x00000221      0x142 ./Libraries/XMCLib/src/xmc4_gpio.o
 .debug_abbrev  0x00000363      0x2a1 ./Libraries/XMCLib/src/xmc4_scu.o
 .debug_abbrev  0x00000604      0x142 ./Libraries/XMCLib/src/xmc_gpio.o
 .debug_abbrev  0x00000746      0x3f3 ./Libraries/XMCLib/src/xmc_usbd.o
 .debug_abbrev  0x00000b39       0xbb ./Libraries/Newlib/syscalls.o
 .debug_abbrev  0x00000bf4      0x2af ./Dave/Generated/USBD_VCOM/virtual_com/descriptors.o
 .debug_abbrev  0x00000ea3      0x373 ./Dave/Generated/USBD_VCOM/class_driver/device/cdc_class_device.o
 .debug_abbrev  0x00001216      0x3d5 ./Dave/Generated/USBD_VCOM/usbd_vcom.o
 .debug_abbrev  0x000015eb      0x260 ./Dave/Generated/USBD_VCOM/usbd_vcom_conf.o
 .debug_abbrev  0x0000184b      0x326 ./Dave/Generated/USBD/usb/core/xmc4000/usbd_endpoint_stream_xmc4000.o
 .debug_abbrev  0x00001b71      0x3dc ./Dave/Generated/USBD/usb/core/xmc4000/usbd_endpoint_xmc4000.o
 .debug_abbrev  0x00001f4d      0x260 ./Dave/Generated/USBD/usb/core/usb_task.o
 .debug_abbrev  0x000021ad      0x415 ./Dave/Generated/USBD/usbd.o
 .debug_abbrev  0x000025c2      0x260 ./Dave/Generated/USBD/usbd_conf.o
 .debug_abbrev  0x00002822      0x16f ./Dave/Generated/DIGITAL_IO/digital_io.o
 .debug_abbrev  0x00002991      0x126 ./Dave/Generated/DIGITAL_IO/digital_io_conf.o
 .debug_abbrev  0x00002ab7      0x241 ./Dave/Generated/CPU_CTRL_XMC4/cpu_ctrl_xmc4_conf.o
 .debug_abbrev  0x00002cf8      0x13b ./Dave/Generated/CLOCK_XMC4/clock_xmc4.o
 .debug_abbrev  0x00002e33      0x166 ./Dave/Generated/CLOCK_XMC4/clock_xmc4_conf.o
 .debug_abbrev  0x00002f99      0x20f ./Dave/Generated/BUS_IO/bus_io.o
 .debug_abbrev  0x000031a8      0x126 ./Dave/Generated/BUS_IO/bus_io_conf.o
 .debug_abbrev  0x000032ce      0x27e ./Dave/Generated/DAVE.o
 .debug_abbrev  0x0000354c      0x35c ./main.o

.debug_line     0x00000000     0x6eed
 *(.debug_line)
 .debug_line    0x00000000       0x87 ./Startup/startup_XMC4800.o
 .debug_line    0x00000087      0x37b ./Startup/system_XMC4800.o
 .debug_line    0x00000402      0x251 ./Libraries/XMCLib/src/xmc4_gpio.o
 .debug_line    0x00000653      0xea1 ./Libraries/XMCLib/src/xmc4_scu.o
 .debug_line    0x000014f4      0x23e ./Libraries/XMCLib/src/xmc_gpio.o
 .debug_line    0x00001732      0x929 ./Libraries/XMCLib/src/xmc_usbd.o
 .debug_line    0x0000205b       0xd0 ./Libraries/Newlib/syscalls.o
 .debug_line    0x0000212b      0x44b ./Dave/Generated/USBD_VCOM/virtual_com/descriptors.o
 .debug_line    0x00002576      0x71f ./Dave/Generated/USBD_VCOM/class_driver/device/cdc_class_device.o
 .debug_line    0x00002c95      0x798 ./Dave/Generated/USBD_VCOM/usbd_vcom.o
 .debug_line    0x0000342d      0x344 ./Dave/Generated/USBD_VCOM/usbd_vcom_conf.o
 .debug_line    0x00003771      0x4d6 ./Dave/Generated/USBD/usb/core/xmc4000/usbd_endpoint_stream_xmc4000.o
 .debug_line    0x00003c47      0x5c1 ./Dave/Generated/USBD/usb/core/xmc4000/usbd_endpoint_xmc4000.o
 .debug_line    0x00004208      0x322 ./Dave/Generated/USBD/usb/core/usb_task.o
 .debug_line    0x0000452a      0x762 ./Dave/Generated/USBD/usbd.o
 .debug_line    0x00004c8c      0x2d1 ./Dave/Generated/USBD/usbd_conf.o
 .debug_line    0x00004f5d      0x2c2 ./Dave/Generated/DIGITAL_IO/digital_io.o
 .debug_line    0x0000521f      0x232 ./Dave/Generated/DIGITAL_IO/digital_io_conf.o
 .debug_line    0x00005451      0x335 ./Dave/Generated/CPU_CTRL_XMC4/cpu_ctrl_xmc4_conf.o
 .debug_line    0x00005786      0x2f8 ./Dave/Generated/CLOCK_XMC4/clock_xmc4.o
 .debug_line    0x00005a7e      0x2f2 ./Dave/Generated/CLOCK_XMC4/clock_xmc4_conf.o
 .debug_line    0x00005d70      0x3a3 ./Dave/Generated/BUS_IO/bus_io.o
 .debug_line    0x00006113      0x226 ./Dave/Generated/BUS_IO/bus_io_conf.o
 .debug_line    0x00006339      0x422 ./Dave/Generated/DAVE.o
 .debug_line    0x0000675b      0x792 ./main.o

.debug_frame    0x00000000     0x3c8c
 *(.debug_frame)
 .debug_frame   0x00000000       0xec ./Startup/system_XMC4800.o
 .debug_frame   0x000000ec       0x60 ./Libraries/XMCLib/src/xmc4_gpio.o
 .debug_frame   0x0000014c     0x12ac ./Libraries/XMCLib/src/xmc4_scu.o
 .debug_frame   0x000013f8       0x60 ./Libraries/XMCLib/src/xmc_gpio.o
 .debug_frame   0x00001458      0x634 ./Libraries/XMCLib/src/xmc_usbd.o
 .debug_frame   0x00001a8c       0x5c ./Libraries/Newlib/syscalls.o
 .debug_frame   0x00001ae8       0x38 ./Dave/Generated/USBD_VCOM/virtual_com/descriptors.o
 .debug_frame   0x00001b20      0x2ac ./Dave/Generated/USBD_VCOM/class_driver/device/cdc_class_device.o
 .debug_frame   0x00001dcc      0x338 ./Dave/Generated/USBD_VCOM/usbd_vcom.o
 .debug_frame   0x00002104      0x1a0 ./Dave/Generated/USBD/usb/core/xmc4000/usbd_endpoint_stream_xmc4000.o
 .debug_frame   0x000022a4      0x288 ./Dave/Generated/USBD/usb/core/xmc4000/usbd_endpoint_xmc4000.o
 .debug_frame   0x0000252c      0x310 ./Dave/Generated/USBD/usbd.o
 .debug_frame   0x0000283c       0x60 ./Dave/Generated/DIGITAL_IO/digital_io.o
 .debug_frame   0x0000289c       0xd4 ./Dave/Generated/CPU_CTRL_XMC4/cpu_ctrl_xmc4_conf.o
 .debug_frame   0x00002970       0xac ./Dave/Generated/CLOCK_XMC4/clock_xmc4.o
 .debug_frame   0x00002a1c       0x64 ./Dave/Generated/CLOCK_XMC4/clock_xmc4_conf.o
 .debug_frame   0x00002a80      0x178 ./Dave/Generated/BUS_IO/bus_io.o
 .debug_frame   0x00002bf8       0x38 ./Dave/Generated/DAVE.o
 .debug_frame   0x00002c30      0x140 ./main.o
 .debug_frame   0x00002d70       0x20 c:/infineon/tools/dave ide/4.5.0.202105191637/eclipse/arm-gcc-49/bin/../lib/gcc/arm-none-eabi/4.9.3/../../../../arm-none-eabi/lib/armv7e-m/softfp\libg_nano.a(lib_a-errno.o)
 .debug_frame   0x00002d90       0x2c c:/infineon/tools/dave ide/4.5.0.202105191637/eclipse/arm-gcc-49/bin/../lib/gcc/arm-none-eabi/4.9.3/../../../../arm-none-eabi/lib/armv7e-m/softfp\libg_nano.a(lib_a-init.o)
 .debug_frame   0x00002dbc       0x28 c:/infineon/tools/dave ide/4.5.0.202105191637/eclipse/arm-gcc-49/bin/../lib/gcc/arm-none-eabi/4.9.3/../../../../arm-none-eabi/lib/armv7e-m/softfp\libg_nano.a(lib_a-memcpy.o)
 .debug_frame   0x00002de4       0x20 c:/infineon/tools/dave ide/4.5.0.202105191637/eclipse/arm-gcc-49/bin/../lib/gcc/arm-none-eabi/4.9.3/../../../../arm-none-eabi/lib/armv7e-m/softfp\libg_nano.a(lib_a-memset.o)
 .debug_frame   0x00002e04       0x8c c:/infineon/tools/dave ide/4.5.0.202105191637/eclipse/arm-gcc-49/bin/../lib/gcc/arm-none-eabi/4.9.3/../../../../arm-none-eabi/lib/armv7e-m/softfp\libg_nano.a(lib_a-nano-vfprintf_float.o)
 .debug_frame   0x00002e90       0x58 c:/infineon/tools/dave ide/4.5.0.202105191637/eclipse/arm-gcc-49/bin/../lib/gcc/arm-none-eabi/4.9.3/../../../../arm-none-eabi/lib/armv7e-m/softfp\libg_nano.a(lib_a-nano-vfprintf_i.o)
 .debug_frame   0x00002ee8       0x3c c:/infineon/tools/dave ide/4.5.0.202105191637/eclipse/arm-gcc-49/bin/../lib/gcc/arm-none-eabi/4.9.3/../../../../arm-none-eabi/lib/armv7e-m/softfp\libg_nano.a(lib_a-puts.o)
 .debug_frame   0x00002f24       0x28 c:/infineon/tools/dave ide/4.5.0.202105191637/eclipse/arm-gcc-49/bin/../lib/gcc/arm-none-eabi/4.9.3/../../../../arm-none-eabi/lib/armv7e-m/softfp\libg_nano.a(lib_a-s_fpclassify.o)
 .debug_frame   0x00002f4c       0x20 c:/infineon/tools/dave ide/4.5.0.202105191637/eclipse/arm-gcc-49/bin/../lib/gcc/arm-none-eabi/4.9.3/../../../../arm-none-eabi/lib/armv7e-m/softfp\libg_nano.a(lib_a-strlen.o)
 .debug_frame   0x00002f6c       0x50 c:/infineon/tools/dave ide/4.5.0.202105191637/eclipse/arm-gcc-49/bin/../lib/gcc/arm-none-eabi/4.9.3/../../../../arm-none-eabi/lib/armv7e-m/softfp\libg_nano.a(lib_a-vsnprintf.o)
 .debug_frame   0x00002fbc       0x3c c:/infineon/tools/dave ide/4.5.0.202105191637/eclipse/arm-gcc-49/bin/../lib/gcc/arm-none-eabi/4.9.3/../../../../arm-none-eabi/lib/armv7e-m/softfp\libg_nano.a(lib_a-wbuf.o)
 .debug_frame   0x00002ff8       0x2c c:/infineon/tools/dave ide/4.5.0.202105191637/eclipse/arm-gcc-49/bin/../lib/gcc/arm-none-eabi/4.9.3/../../../../arm-none-eabi/lib/armv7e-m/softfp\libg_nano.a(lib_a-wsetup.o)
 .debug_frame   0x00003024       0x6c c:/infineon/tools/dave ide/4.5.0.202105191637/eclipse/arm-gcc-49/bin/../lib/gcc/arm-none-eabi/4.9.3/../../../../arm-none-eabi/lib/armv7e-m/softfp\libg_nano.a(lib_a-dtoa.o)
 .debug_frame   0x00003090       0x68 c:/infineon/tools/dave ide/4.5.0.202105191637/eclipse/arm-gcc-49/bin/../lib/gcc/arm-none-eabi/4.9.3/../../../../arm-none-eabi/lib/armv7e-m/softfp\libg_nano.a(lib_a-fflush.o)
 .debug_frame   0x000030f8      0x11c c:/infineon/tools/dave ide/4.5.0.202105191637/eclipse/arm-gcc-49/bin/../lib/gcc/arm-none-eabi/4.9.3/../../../../arm-none-eabi/lib/armv7e-m/softfp\libg_nano.a(lib_a-findfp.o)
 .debug_frame   0x00003214       0x54 c:/infineon/tools/dave ide/4.5.0.202105191637/eclipse/arm-gcc-49/bin/../lib/gcc/arm-none-eabi/4.9.3/../../../../arm-none-eabi/lib/armv7e-m/softfp\libg_nano.a(lib_a-fwalk.o)
 .debug_frame   0x00003268       0x98 c:/infineon/tools/dave ide/4.5.0.202105191637/eclipse/arm-gcc-49/bin/../lib/gcc/arm-none-eabi/4.9.3/../../../../arm-none-eabi/lib/armv7e-m/softfp\libg_nano.a(lib_a-locale.o)
 .debug_frame   0x00003300       0x34 c:/infineon/tools/dave ide/4.5.0.202105191637/eclipse/arm-gcc-49/bin/../lib/gcc/arm-none-eabi/4.9.3/../../../../arm-none-eabi/lib/armv7e-m/softfp\libg_nano.a(lib_a-makebuf.o)
 .debug_frame   0x00003334       0x30 c:/infineon/tools/dave ide/4.5.0.202105191637/eclipse/arm-gcc-49/bin/../lib/gcc/arm-none-eabi/4.9.3/../../../../arm-none-eabi/lib/armv7e-m/softfp\libg_nano.a(lib_a-malloc.o)
 .debug_frame   0x00003364       0x28 c:/infineon/tools/dave ide/4.5.0.202105191637/eclipse/arm-gcc-49/bin/../lib/gcc/arm-none-eabi/4.9.3/../../../../arm-none-eabi/lib/armv7e-m/softfp\libg_nano.a(lib_a-memchr.o)
 .debug_frame   0x0000338c      0x230 c:/infineon/tools/dave ide/4.5.0.202105191637/eclipse/arm-gcc-49/bin/../lib/gcc/arm-none-eabi/4.9.3/../../../../arm-none-eabi/lib/armv7e-m/softfp\libg_nano.a(lib_a-mprec.o)
 .debug_frame   0x000035bc       0x2c c:/infineon/tools/dave ide/4.5.0.202105191637/eclipse/arm-gcc-49/bin/../lib/gcc/arm-none-eabi/4.9.3/../../../../arm-none-eabi/lib/armv7e-m/softfp\libg_nano.a(lib_a-nano-callocr.o)
 .debug_frame   0x000035e8       0x2c c:/infineon/tools/dave ide/4.5.0.202105191637/eclipse/arm-gcc-49/bin/../lib/gcc/arm-none-eabi/4.9.3/../../../../arm-none-eabi/lib/armv7e-m/softfp\libg_nano.a(lib_a-nano-freer.o)
 .debug_frame   0x00003614       0x2c c:/infineon/tools/dave ide/4.5.0.202105191637/eclipse/arm-gcc-49/bin/../lib/gcc/arm-none-eabi/4.9.3/../../../../arm-none-eabi/lib/armv7e-m/softfp\libg_nano.a(lib_a-nano-mallocr.o)
 .debug_frame   0x00003640       0x8c c:/infineon/tools/dave ide/4.5.0.202105191637/eclipse/arm-gcc-49/bin/../lib/gcc/arm-none-eabi/4.9.3/../../../../arm-none-eabi/lib/armv7e-m/softfp\libg_nano.a(lib_a-nano-svfprintf.o)
 .debug_frame   0x000036cc       0x2c c:/infineon/tools/dave ide/4.5.0.202105191637/eclipse/arm-gcc-49/bin/../lib/gcc/arm-none-eabi/4.9.3/../../../../arm-none-eabi/lib/armv7e-m/softfp\libg_nano.a(lib_a-sbrkr.o)
 .debug_frame   0x000036f8       0x88 c:/infineon/tools/dave ide/4.5.0.202105191637/eclipse/arm-gcc-49/bin/../lib/gcc/arm-none-eabi/4.9.3/../../../../arm-none-eabi/lib/armv7e-m/softfp\libg_nano.a(lib_a-stdio.o)